
 Start         Length     Name                   Class
 0001:00401000 000C6784H .text                   CODE
 0002:004C8000 00000DFCH .itext                  ICODE
 0003:004C9000 00002A1CH .data                   DATA
 0004:004CC000 00005638H .bss                    BSS
 0005:00000000 0000003CH .tls                    TLS


Detailed map of segments

 0001:00000000 000095A5 C=CODE     S=.text    G=(none)   M=System   ACBP=A9
 0001:000095A8 0000010D C=CODE     S=.text    G=(none)   M=SysInit  ACBP=A9
 0001:000096B8 00000430 C=CODE     S=.text    G=(none)   M=Types    ACBP=A9
 0001:00009AE8 00001A39 C=CODE     S=.text    G=(none)   M=Windows  ACBP=A9
 0001:0000B524 00000255 C=CODE     S=.text    G=(none)   M=Messages ACBP=A9
 0001:0000B77C 00000172 C=CODE     S=.text    G=(none)   M=ActiveX  ACBP=A9
 0001:0000B8F0 00000116 C=CODE     S=.text    G=(none)   M=CommCtrl ACBP=A9
 0001:0000BA08 00000340 C=CODE     S=.text    G=(none)   M=SysConst ACBP=A9
 0001:0000BD48 000001C0 C=CODE     S=.text    G=(none)   M=RTLConsts ACBP=A9
 0001:0000BF08 00000230 C=CODE     S=.text    G=(none)   M=Character ACBP=A9
 0001:0000C138 00000131 C=CODE     S=.text    G=(none)   M=StrUtils ACBP=A9
 0001:0000C26C 0000D68F C=CODE     S=.text    G=(none)   M=SysUtils ACBP=A9
 0001:000198FC 000007D3 C=CODE     S=.text    G=(none)   M=VarUtils ACBP=A9
 0001:0001A0D0 0000818C C=CODE     S=.text    G=(none)   M=Variants ACBP=A9
 0001:0002225C 00001D7B C=CODE     S=.text    G=(none)   M=TypInfo  ACBP=A9
 0001:00023FD8 00019594 C=CODE     S=.text    G=(none)   M=Classes  ACBP=A9
 0001:0003D56C 000002B0 C=CODE     S=.text    G=(none)   M=TimeSpan ACBP=A9
 0001:0003D81C 000014EB C=CODE     S=.text    G=(none)   M=SyncObjs ACBP=A9
 0001:0003ED08 00000D46 C=CODE     S=.text    G=(none)   M=UxTheme  ACBP=A9
 0001:0003FA50 0000005B C=CODE     S=.text    G=(none)   M=Dwmapi   ACBP=A9
 0001:0003FAAC 0000038D C=CODE     S=.text    G=(none)   M=Contnrs  ACBP=A9
 0001:0003FE3C 00001FDE C=CODE     S=.text    G=(none)   M=HelpIntfs ACBP=A9
 0001:00041E1C 0000086B C=CODE     S=.text    G=(none)   M=MultiMon ACBP=A9
 0001:00042688 000002F0 C=CODE     S=.text    G=(none)   M=Consts   ACBP=A9
 0001:00042978 000000FC C=CODE     S=.text    G=(none)   M=IOUtils  ACBP=A9
 0001:00042A74 00003417 C=CODE     S=.text    G=(none)   M=IniFiles ACBP=A9
 0001:00045E8C 000056DA C=CODE     S=.text    G=(none)   M=Registry ACBP=A9
 0001:0004B568 0000D524 C=CODE     S=.text    G=(none)   M=Graphics ACBP=A9
 0001:00058A8C 000018CE C=CODE     S=.text    G=(none)   M=GraphUtil ACBP=A9
 0001:0005A35C 000049C6 C=CODE     S=.text    G=(none)   M=StdCtrls ACBP=A9
 0001:0005ED24 00000026 C=CODE     S=.text    G=(none)   M=WinSpool ACBP=A9
 0001:0005ED4C 00001DDB C=CODE     S=.text    G=(none)   M=Printers ACBP=A9
 0001:00060B28 00000013 C=CODE     S=.text    G=(none)   M=Clipbrd  ACBP=A9
 0001:00060B3C 000003FF C=CODE     S=.text    G=(none)   M=ExtCtrls ACBP=A9
 0001:00060F3C 00000415 C=CODE     S=.text    G=(none)   M=ComCtrls ACBP=A9
 0001:00061354 000009E4 C=CODE     S=.text    G=(none)   M=Dialogs  ACBP=A9
 0001:00061D38 00000189 C=CODE     S=.text    G=(none)   M=StdActns ACBP=A9
 0001:00061EC4 00000387 C=CODE     S=.text    G=(none)   M=FlatSB   ACBP=A9
 0001:0006224C 00009E75 C=CODE     S=.text    G=(none)   M=Menus    ACBP=A9
 0001:0006C0C4 0001FBA8 C=CODE     S=.text    G=(none)   M=Controls ACBP=A9
 0001:0008BC6C 0000580E C=CODE     S=.text    G=(none)   M=Themes   ACBP=A9
 0001:0009147C 00003961 C=CODE     S=.text    G=(none)   M=ImgList  ACBP=A9
 0001:00094DE0 0000235F C=CODE     S=.text    G=(none)   M=ActnList ACBP=A9
 0001:00097140 000156B5 C=CODE     S=.text    G=(none)   M=Forms    ACBP=A9
 0001:000AC7F8 000001E2 C=CODE     S=.text    G=(none)   M=Buttons  ACBP=A9
 0001:000AC9DC 00001232 C=CODE     S=.text    G=(none)   M=RzGrafx  ACBP=A9
 0001:000ADC10 000070E8 C=CODE     S=.text    G=(none)   M=RzCommon ACBP=A9
 0001:000B4CF8 00005744 C=CODE     S=.text    G=(none)   M=RzCmboBx ACBP=A9
 0001:000BA43C 00000094 C=CODE     S=.text    G=(none)   M=ExtDlgs  ACBP=A9
 0001:000BA4D0 0000060C C=CODE     S=.text    G=(none)   M=RzBorder ACBP=A9
 0001:000BAADC 00000155 C=CODE     S=.text    G=(none)   M=RzPopups ACBP=A9
 0001:000BAC34 00004542 C=CODE     S=.text    G=(none)   M=RzButton ACBP=A9
 0001:000BF178 00000254 C=CODE     S=.text    G=(none)   M=CharSelector ACBP=A9
 0001:000BF3CC 00000463 C=CODE     S=.text    G=(none)   M=TlHelp32 ACBP=A9
 0001:000BF830 00000071 C=CODE     S=.text    G=(none)   M=Logger   ACBP=A9
 0001:000BF8A4 00001432 C=CODE     S=.text    G=(none)   M=GWCAMemory ACBP=A9
 0001:000C0CD8 000007CE C=CODE     S=.text    G=(none)   M=CSLauncher ACBP=A9
 0001:000C14A8 000052DC C=CODE     S=.text    G=(none)   M=GWTB_Launcher ACBP=A9
 0002:00000000 000000AA C=ICODE    S=.itext   G=(none)   M=System   ACBP=A9
 0002:000000AC 00000016 C=ICODE    S=.itext   G=(none)   M=Windows  ACBP=A9
 0002:000000C4 000000B4 C=ICODE    S=.itext   G=(none)   M=SysUtils ACBP=A9
 0002:00000178 0000000F C=ICODE    S=.itext   G=(none)   M=VarUtils ACBP=A9
 0002:00000188 000000AA C=ICODE    S=.itext   G=(none)   M=Variants ACBP=A9
 0002:00000234 00000008 C=ICODE    S=.itext   G=(none)   M=TypInfo  ACBP=A9
 0002:0000023C 0000009D C=ICODE    S=.itext   G=(none)   M=Classes  ACBP=A9
 0002:000002DC 00000032 C=ICODE    S=.itext   G=(none)   M=TimeSpan ACBP=A9
 0002:00000310 0000000F C=ICODE    S=.itext   G=(none)   M=SyncObjs ACBP=A9
 0002:00000320 0000001B C=ICODE    S=.itext   G=(none)   M=UxTheme  ACBP=A9
 0002:0000033C 00000008 C=ICODE    S=.itext   G=(none)   M=HelpIntfs ACBP=A9
 0002:00000344 0000000F C=ICODE    S=.itext   G=(none)   M=MultiMon ACBP=A9
 0002:00000354 00000460 C=ICODE    S=.itext   G=(none)   M=IOUtils  ACBP=A9
 0002:000007B4 00000008 C=ICODE    S=.itext   G=(none)   M=IniFiles ACBP=A9
 0002:000007BC 00000008 C=ICODE    S=.itext   G=(none)   M=Registry ACBP=A9
 0002:000007C4 000000FB C=ICODE    S=.itext   G=(none)   M=Graphics ACBP=A9
 0002:000008C0 00000086 C=ICODE    S=.itext   G=(none)   M=GraphUtil ACBP=A9
 0002:00000948 00000008 C=ICODE    S=.itext   G=(none)   M=Printers ACBP=A9
 0002:00000950 00000078 C=ICODE    S=.itext   G=(none)   M=Clipbrd  ACBP=A9
 0002:000009C8 00000054 C=ICODE    S=.itext   G=(none)   M=ExtCtrls ACBP=A9
 0002:00000A1C 00000039 C=ICODE    S=.itext   G=(none)   M=ComCtrls ACBP=A9
 0002:00000A58 0000003D C=ICODE    S=.itext   G=(none)   M=Dialogs  ACBP=A9
 0002:00000A98 0000000F C=ICODE    S=.itext   G=(none)   M=FlatSB   ACBP=A9
 0002:00000AA8 00000085 C=ICODE    S=.itext   G=(none)   M=Menus    ACBP=A9
 0002:00000B30 00000088 C=ICODE    S=.itext   G=(none)   M=Controls ACBP=A9
 0002:00000BB8 00000008 C=ICODE    S=.itext   G=(none)   M=Themes   ACBP=A9
 0002:00000BC0 0000002A C=ICODE    S=.itext   G=(none)   M=ActnList ACBP=A9
 0002:00000BEC 0000005C C=ICODE    S=.itext   G=(none)   M=Forms    ACBP=A9
 0002:00000C48 00000025 C=ICODE    S=.itext   G=(none)   M=Buttons  ACBP=A9
 0002:00000C70 00000054 C=ICODE    S=.itext   G=(none)   M=RzCommon ACBP=A9
 0002:00000CC4 00000008 C=ICODE    S=.itext   G=(none)   M=RzCmboBx ACBP=A9
 0002:00000CCC 00000014 C=ICODE    S=.itext   G=(none)   M=ExtDlgs  ACBP=A9
 0002:00000CE0 00000014 C=ICODE    S=.itext   G=(none)   M=RzBorder ACBP=A9
 0002:00000CF4 00000008 C=ICODE    S=.itext   G=(none)   M=RzPopups ACBP=A9
 0002:00000CFC 00000025 C=ICODE    S=.itext   G=(none)   M=RzButton ACBP=A9
 0002:00000D24 00000014 C=ICODE    S=.itext   G=(none)   M=GWCAMemory ACBP=A9
 0002:00000D38 0000002F C=ICODE    S=.itext   G=(none)   M=CSLauncher ACBP=A9
 0002:00000D68 00000093 C=ICODE    S=.itext   G=(none)   M=GWTB_Launcher ACBP=A9
 0003:00000000 000009F8 C=DATA     S=.data    G=DGROUP   M=System   ACBP=A9
 0003:000009F8 00000024 C=DATA     S=.data    G=DGROUP   M=SysInit  ACBP=A9
 0003:00000A1C 0000000C C=DATA     S=.data    G=DGROUP   M=Windows  ACBP=A9
 0003:00000A28 00000100 C=DATA     S=.data    G=DGROUP   M=Character ACBP=A9
 0003:00000B28 000002E0 C=DATA     S=.data    G=DGROUP   M=SysUtils ACBP=A9
 0003:00000E08 00000008 C=DATA     S=.data    G=DGROUP   M=VarUtils ACBP=A9
 0003:00000E10 00000152 C=DATA     S=.data    G=DGROUP   M=Variants ACBP=A9
 0003:00000F64 0000000C C=DATA     S=.data    G=DGROUP   M=TypInfo  ACBP=A9
 0003:00000F70 00000134 C=DATA     S=.data    G=DGROUP   M=Classes  ACBP=A9
 0003:000010A4 00000010 C=DATA     S=.data    G=DGROUP   M=IOUtils  ACBP=A9
 0003:000010B4 0000000C C=DATA     S=.data    G=DGROUP   M=IniFiles ACBP=A9
 0003:000010C0 00000024 C=DATA     S=.data    G=DGROUP   M=Registry ACBP=A9
 0003:000010E4 000003C8 C=DATA     S=.data    G=DGROUP   M=Graphics ACBP=A9
 0003:000014AC 00000458 C=DATA     S=.data    G=DGROUP   M=GraphUtil ACBP=A9
 0003:00001904 00000060 C=DATA     S=.data    G=DGROUP   M=StdCtrls ACBP=A9
 0003:00001964 0000000C C=DATA     S=.data    G=DGROUP   M=Printers ACBP=A9
 0003:00001970 00000010 C=DATA     S=.data    G=DGROUP   M=ComCtrls ACBP=A9
 0003:00001980 0000007C C=DATA     S=.data    G=DGROUP   M=Dialogs  ACBP=A9
 0003:000019FC 00000144 C=DATA     S=.data    G=DGROUP   M=Menus    ACBP=A9
 0003:00001B40 000001BC C=DATA     S=.data    G=DGROUP   M=Controls ACBP=A9
 0003:00001CFC 00000068 C=DATA     S=.data    G=DGROUP   M=Themes   ACBP=A9
 0003:00001D64 00000048 C=DATA     S=.data    G=DGROUP   M=ImgList  ACBP=A9
 0003:00001DAC 00000144 C=DATA     S=.data    G=DGROUP   M=Forms    ACBP=A9
 0003:00001EF0 0000002C C=DATA     S=.data    G=DGROUP   M=Buttons  ACBP=A9
 0003:00001F1C 00000108 C=DATA     S=.data    G=DGROUP   M=RzCommon ACBP=A9
 0003:00002024 0000015C C=DATA     S=.data    G=DGROUP   M=RzCmboBx ACBP=A9
 0003:00002180 00000018 C=DATA     S=.data    G=DGROUP   M=ExtDlgs  ACBP=A9
 0003:00002198 00000230 C=DATA     S=.data    G=DGROUP   M=RzBorder ACBP=A9
 0003:000023C8 0000004C C=DATA     S=.data    G=DGROUP   M=RzPopups ACBP=A9
 0003:00002414 00000084 C=DATA     S=.data    G=DGROUP   M=RzButton ACBP=A9
 0003:00002498 00000019 C=DATA     S=.data    G=DGROUP   M=GWCAMemory ACBP=A9
 0003:000024B4 0000001C C=DATA     S=.data    G=DGROUP   M=GWTB_Launcher ACBP=A9
 0004:00000000 00002C38 C=BSS      S=.bss     G=DGROUP   M=System   ACBP=A9
 0004:00002C38 0000000C C=BSS      S=.bss     G=DGROUP   M=SysInit  ACBP=A9
 0004:00002C44 00000008 C=BSS      S=.bss     G=DGROUP   M=Windows  ACBP=A9
 0004:00002C4C 0000001C C=BSS      S=.bss     G=DGROUP   M=Character ACBP=A9
 0004:00002C68 00002240 C=BSS      S=.bss     G=DGROUP   M=SysUtils ACBP=A9
 0004:00004EA8 0000005C C=BSS      S=.bss     G=DGROUP   M=VarUtils ACBP=A9
 0004:00004F04 00000040 C=BSS      S=.bss     G=DGROUP   M=Variants ACBP=A9
 0004:00004F44 00000004 C=BSS      S=.bss     G=DGROUP   M=TypInfo  ACBP=A9
 0004:00004F48 00000048 C=BSS      S=.bss     G=DGROUP   M=Classes  ACBP=A9
 0004:00004F90 00000014 C=BSS      S=.bss     G=DGROUP   M=TimeSpan ACBP=A9
 0004:00004FA4 00000018 C=BSS      S=.bss     G=DGROUP   M=SyncObjs ACBP=A9
 0004:00004FBC 000000CC C=BSS      S=.bss     G=DGROUP   M=UxTheme  ACBP=A9
 0004:00005088 00000008 C=BSS      S=.bss     G=DGROUP   M=HelpIntfs ACBP=A9
 0004:00005090 00000031 C=BSS      S=.bss     G=DGROUP   M=MultiMon ACBP=A9
 0004:000050C4 00000024 C=BSS      S=.bss     G=DGROUP   M=IOUtils  ACBP=A9
 0004:000050E8 00000004 C=BSS      S=.bss     G=DGROUP   M=IniFiles ACBP=A9
 0004:000050EC 00000004 C=BSS      S=.bss     G=DGROUP   M=Registry ACBP=A9
 0004:000050F0 00000064 C=BSS      S=.bss     G=DGROUP   M=Graphics ACBP=A9
 0004:00005154 00000010 C=BSS      S=.bss     G=DGROUP   M=GraphUtil ACBP=A9
 0004:00005164 00000004 C=BSS      S=.bss     G=DGROUP   M=Printers ACBP=A9
 0004:00005168 0000000C C=BSS      S=.bss     G=DGROUP   M=Clipbrd  ACBP=A9
 0004:00005174 00000008 C=BSS      S=.bss     G=DGROUP   M=ExtCtrls ACBP=A9
 0004:0000517C 00000010 C=BSS      S=.bss     G=DGROUP   M=ComCtrls ACBP=A9
 0004:0000518C 0000000C C=BSS      S=.bss     G=DGROUP   M=Dialogs  ACBP=A9
 0004:00005198 00000034 C=BSS      S=.bss     G=DGROUP   M=FlatSB   ACBP=A9
 0004:000051CC 00000010 C=BSS      S=.bss     G=DGROUP   M=Menus    ACBP=A9
 0004:000051DC 0000008C C=BSS      S=.bss     G=DGROUP   M=Controls ACBP=A9
 0004:00005268 0000000C C=BSS      S=.bss     G=DGROUP   M=Themes   ACBP=A9
 0004:00005274 00000008 C=BSS      S=.bss     G=DGROUP   M=ImgList  ACBP=A9
 0004:0000527C 00000004 C=BSS      S=.bss     G=DGROUP   M=ActnList ACBP=A9
 0004:00005280 00000028 C=BSS      S=.bss     G=DGROUP   M=Forms    ACBP=A9
 0004:000052A8 00000030 C=BSS      S=.bss     G=DGROUP   M=Buttons  ACBP=A9
 0004:000052D8 000000D4 C=BSS      S=.bss     G=DGROUP   M=RzCommon ACBP=A9
 0004:000053AC 00000004 C=BSS      S=.bss     G=DGROUP   M=RzCmboBx ACBP=A9
 0004:000053B0 00000004 C=BSS      S=.bss     G=DGROUP   M=ExtDlgs  ACBP=A9
 0004:000053B4 00000004 C=BSS      S=.bss     G=DGROUP   M=RzBorder ACBP=A9
 0004:000053B8 00000004 C=BSS      S=.bss     G=DGROUP   M=RzPopups ACBP=A9
 0004:000053BC 00000030 C=BSS      S=.bss     G=DGROUP   M=RzButton ACBP=A9
 0004:000053EC 00000054 C=BSS      S=.bss     G=DGROUP   M=TlHelp32 ACBP=A9
 0004:00005440 00000008 C=BSS      S=.bss     G=DGROUP   M=Logger   ACBP=A9
 0004:00005448 0000002C C=BSS      S=.bss     G=DGROUP   M=GWCAMemory ACBP=A9
 0004:00005474 000001C4 C=BSS      S=.bss     G=DGROUP   M=CSLauncher ACBP=A9
 0005:00000000 00000008 C=TLS      S=.tls     G=(none)   M=System   ACBP=A9
 0005:00000008 0000000C C=TLS      S=.tls     G=(none)   M=Classes  ACBP=A9
 0005:00000014 00000004 C=TLS      S=.tls     G=(none)   M=SyncObjs ACBP=A9
 0005:00000018 00000024 C=TLS      S=.tls     G=(none)   M=GraphUtil ACBP=A9


  Address             Publics by Name

 0001:0000B8E0       ActiveX.OleInitialize
 0001:0000B8E8       ActiveX.OleUninitialize
 0004:0000527C       ActnList..9
 0001:00095FC8       ActnList..TActionLink
 0001:000950E8       ActnList..TActionListEnumerator
 0001:00094DE0       ActnList..TContainedAction
 0001:00095994       ActnList..TCustomAction
 0001:00095358       ActnList..TCustomActionList
 0001:0009576C       ActnList..TShortCutList
 0002:00000BC0       ActnList.ActnList
 0001:00097138       ActnList.Finalization
 0001:00096780       ActnList.TActionLink.IsCaptionLinked
 0001:00096794       ActnList.TActionLink.IsCheckedLinked
 0001:000967A8       ActnList.TActionLink.IsEnabledLinked
 0001:000967BC       ActnList.TActionLink.IsGroupIndexLinked
 0001:000967D0       ActnList.TActionLink.IsHelpContextLinked
 0001:000967E4       ActnList.TActionLink.IsHelpLinked
 0001:000967F8       ActnList.TActionLink.IsHintLinked
 0001:0009680C       ActnList.TActionLink.IsImageIndexLinked
 0001:00096820       ActnList.TActionLink.IsShortCutLinked
 0001:00096834       ActnList.TActionLink.IsVisibleLinked
 0001:00096848       ActnList.TActionLink.SetAutoCheck
 0001:0009684C       ActnList.TActionLink.SetCaption
 0001:00096850       ActnList.TActionLink.SetChecked
 0001:00096854       ActnList.TActionLink.SetEnabled
 0001:00096858       ActnList.TActionLink.SetGroupIndex
 0001:0009685C       ActnList.TActionLink.SetHelpContext
 0001:00096860       ActnList.TActionLink.SetHelpKeyword
 0001:00096864       ActnList.TActionLink.SetHelpType
 0001:00096868       ActnList.TActionLink.SetHint
 0001:0009686C       ActnList.TActionLink.SetImageIndex
 0001:00096870       ActnList.TActionLink.SetShortCut
 0001:00096874       ActnList.TActionLink.SetVisible
 0001:000962E4       ActnList.TActionListEnumerator.Create
 0001:00096328       ActnList.TActionListEnumerator.GetCurrent
 0001:00096334       ActnList.TActionListEnumerator.MoveNext
 0001:000960D0       ActnList.TContainedAction.Destroy
 0001:0009623C       ActnList.TContainedAction.Execute
 0001:00096104       ActnList.TContainedAction.GetIndex
 0001:00096120       ActnList.TContainedAction.GetParentComponent
 0001:00096130       ActnList.TContainedAction.HasParent
 0001:0009611C       ActnList.TContainedAction.IsCategoryStored
 0001:00096140       ActnList.TContainedAction.ReadState
 0001:000961E8       ActnList.TContainedAction.SetActionList
 0001:000961BC       ActnList.TContainedAction.SetCategory
 0001:00096174       ActnList.TContainedAction.SetIndex
 0001:00096210       ActnList.TContainedAction.SetParentComponent
 0001:00096294       ActnList.TContainedAction.Update
 0001:00096924       ActnList.TCustomAction.AssignTo
 0001:00096878       ActnList.TCustomAction.Create
 0001:000968CC       ActnList.TCustomAction.Destroy
 0001:00096FB0       ActnList.TCustomAction.DoHint
 0001:00096FD8       ActnList.TCustomAction.Execute
 0001:0009703C       ActnList.TCustomAction.GetSecondaryShortCuts
 0001:000970BC       ActnList.TCustomAction.HandleShortCut
 0001:00097098       ActnList.TCustomAction.IsSecondaryShortCutsStored
 0001:00096A30       ActnList.TCustomAction.SetAutoCheck
 0001:00096A90       ActnList.TCustomAction.SetCaption
 0001:00096AF0       ActnList.TCustomAction.SetChecked
 0001:00096BF8       ActnList.TCustomAction.SetEnabled
 0001:00096C74       ActnList.TCustomAction.SetGroupIndex
 0001:00096D8C       ActnList.TCustomAction.SetHelpContext
 0001:00096D24       ActnList.TCustomAction.SetHelpKeyword
 0001:00096CCC       ActnList.TCustomAction.SetHelpType
 0001:00096DE4       ActnList.TCustomAction.SetHint
 0001:00096E44       ActnList.TCustomAction.SetImageIndex
 0001:00096F64       ActnList.TCustomAction.SetName
 0001:00097064       ActnList.TCustomAction.SetSecondaryShortCuts
 0001:00096EA0       ActnList.TCustomAction.SetShortCut
 0001:00096F04       ActnList.TCustomAction.SetVisible
 0001:00096548       ActnList.TCustomActionList.AddAction
 0001:00096590       ActnList.TCustomActionList.Change
 0001:00096350       ActnList.TCustomActionList.Create
 0001:000963BC       ActnList.TCustomActionList.Destroy
 0001:0009669C       ActnList.TCustomActionList.ExecuteAction
 0001:0009648C       ActnList.TCustomActionList.GetAction
 0001:000964A0       ActnList.TCustomActionList.GetActionCount
 0001:00096414       ActnList.TCustomActionList.GetChildren
 0001:000964A8       ActnList.TCustomActionList.GetEnumerator
 0001:000964EC       ActnList.TCustomActionList.ImageListChange
 0001:000965F8       ActnList.TCustomActionList.IsShortCut
 0001:000964F8       ActnList.TCustomActionList.Notification
 0001:00096568       ActnList.TCustomActionList.RemoveAction
 0001:0009645C       ActnList.TCustomActionList.SetChildOrder
 0001:000964B8       ActnList.TCustomActionList.SetImages
 0001:000966DC       ActnList.TCustomActionList.SetState
 0001:000966BC       ActnList.TCustomActionList.UpdateAction
 0001:000970C8       ActnList.TShortCutList.Add
 0001:000970F4       ActnList.TShortCutList.IndexOfShortCut
 0004:000052A8       Buttons..5
 0003:00001EF0       Buttons.BitBtnCaptions
 0004:000052AC       Buttons.BitBtnGlyphs
 0002:00000C48       Buttons.Buttons
 0001:000AC934       Buttons.DestroyLocals
 0001:000AC9CC       Buttons.Finalization
 0004:00002C58       Character.CategoryTable
 0004:00002C50       Character.CatIndexPrimary
 0004:00002C54       Character.CatIndexSecondary
 0004:00002C4C       Character.DataTable
 0003:00000A28       Character.Latin1Categories
 0004:00002C64       Character.NumericValueTable
 0004:00002C5C       Character.NumIndexPrimary
 0004:00002C60       Character.NumIndexSecondary
 0001:0000BF08       Character.TCharacter.CheckLetter
 0001:0000BF14       Character.TCharacter.CheckLetterOrDigit
 0001:0000C030       Character.TCharacter.GetUnicodeCategory
 0001:0000C090       Character.TCharacter.Initialize
 0001:0000C024       Character.TCharacter.IsAscii
 0001:0000BF24       Character.TCharacter.IsLatin1
 0001:0000BF30       Character.TCharacter.IsLetter
 0001:0000BFBC       Character.TCharacter.IsLetterOrDigit
 0001:000BF178       CharSelector..TMainForm
 0004:00004F58       Classes..66
 0001:0002490C       Classes..EBitsError
 0001:000246A4       Classes..EClassNotFound
 0001:00024A44       Classes..EComponentError
 0001:000243AC       Classes..EFCreateError
 0001:000244E0       Classes..EFilerError
 0001:000242B0       Classes..EFileStreamError
 0001:00024448       Classes..EFOpenError
 0001:00024740       Classes..EInvalidImage
 0001:00024B84       Classes..EInvalidOperation
 0001:00024878       Classes..EListError
 0001:00024AE4       Classes..EOutOfResources
 0001:00024578       Classes..EReadError
 0001:000247DC       Classes..EResNotFound
 0001:00024214       Classes..EStreamError
 0001:000249A0       Classes..EStringListError
 0001:0002BA68       Classes..EThread
 0001:0002460C       Classes..EWriteError
 0001:0002D410       Classes..TBasicAction
 0001:0002D1F4       Classes..TBasicActionLink
 0001:0002592C       Classes..TBits
 0001:00029368       Classes..TClassFinder
 0001:000261B0       Classes..TCollection
 0001:0002600C       Classes..TCollectionEnumerator
 0001:00025DA0       Classes..TCollectionItem
 0001:0002C8AC       Classes..TComponent
 0001:0003C1A4       Classes..TComponent.FindComponent$ActRec
 0001:0002C454       Classes..TComponentEnumerator
 0001:000285AC       Classes..TCustomMemoryStream
 0001:0002973C       Classes..TFiler
 0001:000283C8       Classes..TFileStream
 0001:000281B0       Classes..THandleStream
 0001:0002F2D4       Classes..TIntConst
 0001:00025C2C       Classes..TInterfacedPersistent
 0001:00024F60       Classes..TList
 0001:00030200       Classes..TList.Sort$ActRec
 0001:00024D8C       Classes..TListEnumerator
 0001:000287F4       Classes..TMemoryStream
 0001:00025A64       Classes..TPersistent
 0001:00034698       Classes..TPropFixup
 0001:000348C4       Classes..TPropIntfFixup
 0001:0002A154       Classes..TReader
 0001:0002D9B4       Classes..TRegGroup
 0001:0002DE14       Classes..TRegGroups
 0001:00028A3C       Classes..TResourceStream
 0001:00027BA4       Classes..TStream
 0001:00028DBC       Classes..TStreamAdapter
 0001:00027528       Classes..TStringList
 0001:000268B0       Classes..TStrings
 0001:00026708       Classes..TStringsEnumerator
 0001:0002BC5C       Classes..TThread
 0001:00025674       Classes..TThreadList
 0001:0002B05C       Classes..TWriter
 0001:0002F260       Classes.ActivateClassGroup
 0003:00000F70       Classes.AddDataModule
 0001:00034BF0       Classes.AddFinished
 0001:00034C28       Classes.AddNotFinished
 0001:00035894       Classes.AddSubComponentsToLoaded
 0001:0003D310       Classes.AllocateHWnd
 0001:00038E30       Classes.AncestorIsValid
 0003:00000F80       Classes.ApplicationHandleException
 0003:00000F88       Classes.ApplicationShowException
 0001:0002F740       Classes.BeginGlobalLoading
 0001:0003A8BC       Classes.BinToHex
 0001:0003A87C       Classes.BinToHex
 0003:00001078       Classes.BlockCode
 0001:0002D978       Classes.Bounds
 0001:0003D170       Classes.CalcJmpOffset
 0001:000358D0       Classes.CheckSubComponents
 0001:0003AA5C       Classes.CheckSynchronize
 0002:0000024C       Classes.Classes
 0001:0002EFA4       Classes.ClassNotFound
 0001:0003D224       Classes.CleanupInstFreeList
 0001:0002F9E0       Classes.CollectionsEqual
 0001:000359B0       Classes.ComponentCreated
 0003:00000FC8       Classes.Convert
 0003:00000FE8       Classes.Convert
 0001:000378D0       Classes.CopyBinary
 0001:00037840       Classes.CopyBytes
 0001:000377F4       Classes.CopyList
 0001:0003776C       Classes.CopySetBody
 0001:00035A30       Classes.CreateComponent
 0003:00000F90       Classes.CreateVCLComObjectProc
 0001:0003D3C4       Classes.DeallocateHWnd
 0001:0003A984       Classes.DoneThreadSynchronization
 0001:00031844       Classes.DoWrite
 0003:00000FA0       Classes.Dummy32bitResHeader
 0001:0003D3EC       Classes.EFileStreamError.Create
 0001:0002F7C8       Classes.EndGlobalLoading
 0001:0002EA48       Classes.Error
 0001:000344D0       Classes.Error
 0004:00004F84       Classes.ExternalThreads
 0003:00000F9C       Classes.FilerSignature
 0001:0003D49C       Classes.Finalization
 0001:00038520       Classes.FindAncestor
 0001:0002F07C       Classes.FindClass
 0001:00035BE0       Classes.FindExistingComponent
 0001:0002F658       Classes.FindGlobalComponent
 0004:00004F64       Classes.FindGlobalComponentProcs
 0001:0002F4FC       Classes.FindIdentToInt
 0001:0002F480       Classes.FindIntToIdent
 0001:000392A4       Classes.FindMethodName
 0001:00034AF8       Classes.FindNestedComponent
 0001:00036C5C       Classes.FindUniqueName
 0001:0003A99C       Classes.FreeExternalThreads
 0001:0003D0D0       Classes.FreeIntConstList
 0001:0003D210       Classes.FreeObjectInstance
 0001:0002F010       Classes.GetClass
 0001:00039998       Classes.GetComponentValue
 0001:00030CA0       Classes.GetDesigner
 0001:0002EF98       Classes.GetFieldClassTable
 0001:0003D260       Classes.GetFreeInstBlockItemCount
 0004:00004F68       Classes.GlobalFixupList
 0001:00034C70       Classes.GlobalFixupReferences
 0005:00000010       Classes.GlobalLists
 0005:0000000C       Classes.GlobalLoaded
 0004:00004F4C       Classes.GlobalNameSpace
 0001:0002F1F4       Classes.GroupDescendentsWith
 0001:000363F0       Classes.HandleException
 0001:0003A8C4       Classes.HexToBin
 0001:0002F578       Classes.IdentToInt
 0001:0002F824       Classes.InitComponent
 0001:0002F8B0       Classes.InitInheritedComponent
 0001:0003A950       Classes.InitThreadSynchronization
 0004:00004F88       Classes.InstBlockList
 0004:00004F8C       Classes.InstFreeList
 0004:00004F5C       Classes.IntConstList
 0001:0002F6BC       Classes.InternalReadComponentRes
 0001:0002F5BC       Classes.IntToIdent
 0001:0002D9A0       Classes.InvalidPoint
 0001:00039024       Classes.IsDefault
 0001:00038EA0       Classes.IsDefaultFloatProp
 0001:00038EFC       Classes.IsDefaultInt64Prop
 0001:000391C8       Classes.IsDefaultInterfaceProp
 0001:000392FC       Classes.IsDefaultMethodProp
 0001:0003907C       Classes.IsDefaultObjectProp
 0001:00038E48       Classes.IsDefaultOrdProp
 0001:00039434       Classes.IsDefaultPropertyValue
 0001:00038F54       Classes.IsDefaultStrProp
 0001:000390FC       Classes.IsDefaultValue
 0001:0003939C       Classes.IsDefaultVariantProp
 0001:0002F698       Classes.IsUniqueGlobalComponentName
 0004:00004F50       Classes.IsUniqueGlobalComponentNameProc
 0001:0003D178       Classes.MakeObjectInstance
 0001:000308F0       Classes.Min
 0001:0003D148       Classes.ModuleUnload
 0003:00000FC0       Classes.NilMethod
 0001:00030D44       Classes.NotifyDesigner
 0001:0002F798       Classes.NotifyGlobalLoading
 0001:00038FE4       Classes.ObjectAncestorMatch
 0001:00039980       Classes.OwnedBy
 0001:0002D920       Classes.Point
 0003:0000105C       Classes.Priorities
 0001:00034FB0       Classes.PropertyNotFound
 0001:000364C0       Classes.PropPathError
 0001:00034FA4       Classes.PropValueError
 0001:000300C8       Classes.QuickSort
 0001:00033688       Classes.RaiseException
 0001:00037DB8       Classes.ReadCustomVariant
 0001:00034F8C       Classes.ReadError
 0001:000359D0       Classes.Recover
 0001:0002D950       Classes.Rect
 0004:00004F60       Classes.RegGroups
 0001:0002F09C       Classes.RegisterClass
 0001:0002F600       Classes.RegisterFindGlobalComponentProc
 0001:0002F454       Classes.RegisterIntegerConsts
 0001:0003D290       Classes.ReleaseObjectInstanceBlocks
 0003:00000F78       Classes.RemoveDataModule
 0001:00034E44       Classes.RemoveFixupReferences
 0001:00034EF8       Classes.RemoveFixups
 0001:000352F4       Classes.RemoveGlobalFixup
 0001:0003AA28       Classes.ResetSyncEvent
 0001:0002FC44       Classes.ReturnAddr
 0001:000319B0       Classes.ReturnAddr
 0001:00035B40       Classes.SetCompName
 0001:00034FDC       Classes.SetElementValue
 0001:00036838       Classes.SetInterfaceReference
 0001:00036754       Classes.SetIntIdent
 0001:0003679C       Classes.SetObjectIdent
 0001:00035948       Classes.SetSubComponentState
 0001:000367DC       Classes.SetVariantReference
 0001:0003AA50       Classes.SignalSyncEvent
 0001:00037528       Classes.SkipBinary
 0001:00037558       Classes.SkipCollection
 0001:000374FC       Classes.SkipList
 0001:0002D940       Classes.SmallPoint
 0001:0002F18C       Classes.StartClassGroup
 0001:0003D150       Classes.StdWndProc
 0001:00033474       Classes.StringListCompareStrings
 0004:00004F54       Classes.SyncEvent
 0003:00001058       Classes.SyncList
 0001:0003CB3C       Classes.TBasicAction.Change
 0001:0003C9C8       Classes.TBasicAction.Create
 0001:0003CA0C       Classes.TBasicAction.Destroy
 0001:0003CAA8       Classes.TBasicAction.Execute
 0001:0003CA78       Classes.TBasicAction.ExecuteTarget
 0001:0003CA74       Classes.TBasicAction.HandlesTarget
 0001:0003CA7C       Classes.TBasicAction.Notification
 0001:0003CB50       Classes.TBasicAction.RegisterChanges
 0001:0003CB9C       Classes.TBasicAction.SetActionComponent
 0001:0003CAE0       Classes.TBasicAction.SetOnExecute
 0001:0003CB5C       Classes.TBasicAction.UnRegisterChanges
 0001:0003CAC4       Classes.TBasicAction.Update
 0001:0003CAA4       Classes.TBasicAction.UpdateTarget
 0001:0003C918       Classes.TBasicActionLink.AssignClient
 0001:0003C950       Classes.TBasicActionLink.Change
 0001:0003C8D4       Classes.TBasicActionLink.Create
 0001:0003C91C       Classes.TBasicActionLink.Destroy
 0001:0003C968       Classes.TBasicActionLink.Execute
 0001:0003C9B0       Classes.TBasicActionLink.IsOnExecuteLinked
 0001:0003C984       Classes.TBasicActionLink.SetAction
 0001:0003C9B4       Classes.TBasicActionLink.SetOnExecute
 0001:0003C9BC       Classes.TBasicActionLink.Update
 0001:000308A8       Classes.TBits.Destroy
 0001:000308D8       Classes.TBits.Error
 0001:000309CC       Classes.TBits.OpenBit
 0001:000309A0       Classes.TBits.SetBit
 0001:000308FC       Classes.TBits.SetSize
 0001:0002ED04       Classes.TClassFinder.Create
 0001:0002EE44       Classes.TClassFinder.Destroy
 0001:0002EE74       Classes.TClassFinder.GetClass
 0001:0002EF10       Classes.TClassFinder.GetClasses
 0001:00031074       Classes.TCollection.Add
 0001:00031590       Classes.TCollection.Added
 0001:00031094       Classes.TCollection.Assign
 0001:0003113C       Classes.TCollection.BeginUpdate
 0001:00031140       Classes.TCollection.Changed
 0001:00031150       Classes.TCollection.Clear
 0001:00030FDC       Classes.TCollection.Create
 0001:00031554       Classes.TCollection.Delete
 0001:00031594       Classes.TCollection.Deleting
 0001:00031028       Classes.TCollection.Destroy
 0001:000311B8       Classes.TCollection.EndUpdate
 0001:000311C4       Classes.TCollection.FindItemID
 0001:000311F8       Classes.TCollection.GetAttr
 0001:000311F4       Classes.TCollection.GetAttrCount
 0001:00031218       Classes.TCollection.GetCapacity
 0001:00031240       Classes.TCollection.GetCount
 0001:00031208       Classes.TCollection.GetEnumerator
 0001:00031248       Classes.TCollection.GetItem
 0001:00031220       Classes.TCollection.GetItemAttr
 0001:0003125C       Classes.TCollection.GetNamePath
 0001:00031310       Classes.TCollection.GetPropName
 0001:00031464       Classes.TCollection.Insert
 0001:00031480       Classes.TCollection.InsertItem
 0001:00031598       Classes.TCollection.Notify
 0001:00031584       Classes.TCollection.Owner
 0001:000314E8       Classes.TCollection.RemoveItem
 0001:0003153C       Classes.TCollection.SetCapacity
 0001:0003154C       Classes.TCollection.SetItemName
 0001:00031550       Classes.TCollection.Update
 0001:00030F70       Classes.TCollectionEnumerator.Create
 0001:00030FB4       Classes.TCollectionEnumerator.GetCurrent
 0001:00030FC0       Classes.TCollectionEnumerator.MoveNext
 0001:00030E10       Classes.TCollectionItem.Changed
 0001:00030DA8       Classes.TCollectionItem.Create
 0001:00030DE0       Classes.TCollectionItem.Destroy
 0001:00030E4C       Classes.TCollectionItem.GetDisplayName
 0001:00030E34       Classes.TCollectionItem.GetIndex
 0001:00030E60       Classes.TCollectionItem.GetNamePath
 0001:00030F0C       Classes.TCollectionItem.GetOwner
 0001:00030F10       Classes.TCollectionItem.SetCollection
 0001:00030F38       Classes.TCollectionItem.SetDisplayName
 0001:00030F40       Classes.TCollectionItem.SetIndex
 0001:0003C3CC       Classes.TComponent.AddSortedComponent
 0001:0003BBE8       Classes.TComponent.BeforeDestruction
 0001:0003C480       Classes.TComponent.ChangeName
 0001:0003BB54       Classes.TComponent.Create
 0001:0003BF94       Classes.TComponent.DefineProperties
 0001:0003BBA0       Classes.TComponent.Destroy
 0001:0003BE18       Classes.TComponent.DestroyComponents
 0001:0003BE84       Classes.TComponent.Destroying
 0001:0003C5DC       Classes.TComponent.ExecuteAction
 0001:0003C268       Classes.TComponent.FindComponent
 0001:0003C25C       Classes.TComponent.FindComponent$ActRec.$0$Body
 0001:0003C354       Classes.TComponent.FindSortedComponent
 0001:0003BC34       Classes.TComponent.FreeNotification
 0001:0003C710       Classes.TComponent.FreeOnRelease
 0001:0003C038       Classes.TComponent.GetChildOwner
 0001:0003C03C       Classes.TComponent.GetChildParent
 0001:0003C030       Classes.TComponent.GetChildren
 0001:0003C640       Classes.TComponent.GetComObject
 0001:0003C4D4       Classes.TComponent.GetComponent
 0001:0003C500       Classes.TComponent.GetComponentCount
 0001:0003C4B8       Classes.TComponent.GetComponentIndex
 0001:0003C040       Classes.TComponent.GetEnumerator
 0001:0003C050       Classes.TComponent.GetNamePath
 0001:0003C064       Classes.TComponent.GetOwner
 0001:0003C06C       Classes.TComponent.GetParentComponent
 0001:0003C02C       Classes.TComponent.HasParent
 0001:0003BCC8       Classes.TComponent.Insert
 0001:0003BD7C       Classes.TComponent.InsertComponent
 0001:0003C7A8       Classes.TComponent.IntfGetComponent
 0001:0003C7AC       Classes.TComponent.IsImplementorOf
 0001:0003C08C       Classes.TComponent.Loaded
 0001:0003BF34       Classes.TComponent.Notification
 0001:0003C098       Classes.TComponent.PaletteCreated
 0001:0003C728       Classes.TComponent.QueryInterface
 0001:0003BC88       Classes.TComponent.ReadLeft
 0001:0003C09C       Classes.TComponent.ReadState
 0001:0003BC9C       Classes.TComponent.ReadTop
 0001:0003C82C       Classes.TComponent.ReferenceInterface
 0001:0003BD04       Classes.TComponent.Remove
 0001:0003BDE0       Classes.TComponent.RemoveComponent
 0001:0003BF18       Classes.TComponent.RemoveFreeNotification
 0001:0003BBF4       Classes.TComponent.RemoveFreeNotifications
 0001:0003BEC0       Classes.TComponent.RemoveNotification
 0001:0003C6F8       Classes.TComponent.SafeCallException
 0001:0003C068       Classes.TComponent.SetChildOrder
 0001:0003C510       Classes.TComponent.SetComponentIndex
 0001:0003C564       Classes.TComponent.SetDesigning
 0001:0003C3F0       Classes.TComponent.SetName
 0001:0003C070       Classes.TComponent.SetParentComponent
 0001:0003C5B4       Classes.TComponent.SetReference
 0001:0003C62C       Classes.TComponent.SetSubComponent
 0001:0003C604       Classes.TComponent.UpdateAction
 0001:0003C080       Classes.TComponent.Updated
 0001:0003C720       Classes.TComponent.UpdateRegistry
 0001:0003C074       Classes.TComponent.Updating
 0001:0003C134       Classes.TComponent.ValidateContainer
 0001:0003C148       Classes.TComponent.ValidateInsert
 0001:0003C0AC       Classes.TComponent.ValidateRename
 0001:0003BCB0       Classes.TComponent.WriteLeft
 0001:0003C0A4       Classes.TComponent.WriteState
 0001:0003BCBC       Classes.TComponent.WriteTop
 0001:0003C768       Classes.TComponent._AddRef
 0001:0003C788       Classes.TComponent._Release
 0001:0003BAE8       Classes.TComponentEnumerator.Create
 0001:0003BB2C       Classes.TComponentEnumerator.GetCurrent
 0001:0003BB38       Classes.TComponentEnumerator.MoveNext
 0001:00034164       Classes.TCustomMemoryStream.Read
 0001:000341D8       Classes.TCustomMemoryStream.SaveToFile
 0001:000341C0       Classes.TCustomMemoryStream.SaveToStream
 0001:0003419C       Classes.TCustomMemoryStream.Seek
 0001:0003415C       Classes.TCustomMemoryStream.SetPointer
 0001:00034624       Classes.TFiler.Create
 0001:00029AF4       Classes.TFiler.DefineBinaryProperty
 0001:00029AEC       Classes.TFiler.DefineProperty
 0001:0003466C       Classes.TFiler.Destroy
 0001:00029AFC       Classes.TFiler.FlushBuffer
 0001:00034694       Classes.TFiler.SetRoot
 0001:00033FB4       Classes.TFileStream.Create
 0001:00033F70       Classes.TFileStream.Create
 0001:00034128       Classes.TFileStream.Destroy
 0001:00033EAC       Classes.THandleStream.Create
 0001:00033EE8       Classes.THandleStream.Read
 0001:00033F08       Classes.THandleStream.Seek
 0001:00033F48       Classes.THandleStream.SetSize
 0001:00033F34       Classes.THandleStream.SetSize
 0001:00033EF8       Classes.THandleStream.Write
 0004:00004F6C       Classes.ThreadLock
 0001:0003AC50       Classes.ThreadProc
 0001:0002F41C       Classes.TIntConst.Create
 0001:00030BE8       Classes.TInterfacedPersistent.AfterConstruction
 0001:00030C78       Classes.TInterfacedPersistent.QueryInterface
 0001:00030C38       Classes.TInterfacedPersistent._AddRef
 0001:00030C58       Classes.TInterfacedPersistent._Release
 0001:0002FB84       Classes.TList.Add
 0001:000303C0       Classes.TList.Assign
 0001:0002FBC4       Classes.TList.Clear
 0001:0002FBDC       Classes.TList.Delete
 0001:0002FB64       Classes.TList.Destroy
 0001:0002FC48       Classes.TList.Error
 0001:0002FC80       Classes.TList.Error
 0001:0002FCD4       Classes.TList.Exchange
 0001:0002FD24       Classes.TList.Expand
 0001:00030364       Classes.TList.Extract
 0001:0003036C       Classes.TList.ExtractItem
 0001:0002FD3C       Classes.TList.First
 0001:0002FD44       Classes.TList.Get
 0001:0002FD68       Classes.TList.GetEnumerator
 0001:0002FD78       Classes.TList.Grow
 0001:0002FDAC       Classes.TList.IndexOf
 0001:0002FDD0       Classes.TList.IndexOfItem
 0001:0002FDFC       Classes.TList.Insert
 0001:0002FE74       Classes.TList.Last
 0001:0002FE98       Classes.TList.Move
 0001:000303BC       Classes.TList.Notify
 0001:0002FF74       Classes.TList.Pack
 0001:0002FEF0       Classes.TList.Put
 0001:0002FF4C       Classes.TList.Remove
 0001:0002FF54       Classes.TList.RemoveItem
 0001:0002FFE8       Classes.TList.SetCapacity
 0001:00030024       Classes.TList.SetCount
 0001:000302C4       Classes.TList.Sort
 0001:000302B8       Classes.TList.Sort$ActRec.$0$Body
 0001:00030344       Classes.TList.SortList
 0001:0002FAFC       Classes.TListEnumerator.Create
 0001:0002FB40       Classes.TListEnumerator.GetCurrent
 0001:0002FB4C       Classes.TListEnumerator.MoveNext
 0001:0003425C       Classes.TMemoryStream.Clear
 0001:00034230       Classes.TMemoryStream.Destroy
 0001:000342AC       Classes.TMemoryStream.LoadFromFile
 0001:00034274       Classes.TMemoryStream.LoadFromStream
 0001:00034354       Classes.TMemoryStream.Realloc
 0001:00034300       Classes.TMemoryStream.SetCapacity
 0001:00034328       Classes.TMemoryStream.SetSize
 0001:000343D4       Classes.TMemoryStream.Write
 0001:00030A70       Classes.TPersistent.Assign
 0001:00030A84       Classes.TPersistent.AssignError
 0001:00030B40       Classes.TPersistent.AssignTo
 0001:00030B48       Classes.TPersistent.DefineProperties
 0001:00030A44       Classes.TPersistent.Destroy
 0001:00030B4C       Classes.TPersistent.GetNamePath
 0001:00030BE4       Classes.TPersistent.GetOwner
 0001:000349AC       Classes.TPropFixup.Create
 0001:00034A04       Classes.TPropFixup.MakeGlobalReference
 0001:00034A64       Classes.TPropFixup.ResolveReference
 0001:00034A74       Classes.TPropIntfFixup.ResolveReference
 0001:00035030       Classes.TReader.BeginReferences
 0001:00035098       Classes.TReader.CheckValue
 0001:00037928       Classes.TReader.CopyValue
 0001:000350F8       Classes.TReader.DefineBinaryProperty
 0001:000350BC       Classes.TReader.DefineProperty
 0001:00034FF4       Classes.TReader.Destroy
 0001:0003537C       Classes.TReader.DoFixupReferences
 0001:000351E0       Classes.TReader.EndOfList
 0001:000351F4       Classes.TReader.EndReferences
 0001:00035210       Classes.TReader.Error
 0001:00037C04       Classes.TReader.FindAncestorComponent
 0001:00037CFC       Classes.TReader.FindComponentClass
 0001:000352A4       Classes.TReader.FindMethod
 0001:00035234       Classes.TReader.FindMethodInstance
 0001:000354C0       Classes.TReader.FixupReferences
 0001:000354F8       Classes.TReader.FlushBuffer
 0001:0003551C       Classes.TReader.FreeFixups
 0001:00035558       Classes.TReader.GetFieldClass
 0001:000355EC       Classes.TReader.GetPosition
 0001:00035604       Classes.TReader.NextValue
 0001:00035614       Classes.TReader.PropertyError
 0001:00035628       Classes.TReader.Read
 0001:000356B0       Classes.TReader.ReadBoolean
 0001:00035674       Classes.TReader.ReadBuffer
 0001:000356C4       Classes.TReader.ReadChar
 0001:000357B8       Classes.TReader.ReadCollection
 0001:00035C84       Classes.TReader.ReadComponent
 0001:00036FF8       Classes.TReader.ReadComponents
 0001:000360C4       Classes.TReader.ReadCurrency
 0001:00035EC4       Classes.TReader.ReadData
 0001:00035F34       Classes.TReader.ReadDataInner
 0001:00036114       Classes.TReader.ReadDate
 0001:0003603C       Classes.TReader.ReadDouble
 0001:00036004       Classes.TReader.ReadFloat
 0001:00036158       Classes.TReader.ReadIdent
 0001:0003635C       Classes.TReader.ReadInt64
 0001:000362F0       Classes.TReader.ReadInteger
 0001:000363A0       Classes.TReader.ReadListBegin
 0001:000363A8       Classes.TReader.ReadListEnd
 0001:000363B0       Classes.TReader.ReadPrefix
 0001:000364DC       Classes.TReader.ReadProperty
 0001:000368F8       Classes.TReader.ReadPropValue
 0001:00036CC4       Classes.TReader.ReadRootComponent
 0001:000370E8       Classes.TReader.ReadSet
 0001:000371A4       Classes.TReader.ReadSignature
 0001:00036080       Classes.TReader.ReadSingle
 0001:000371C8       Classes.TReader.ReadStr
 0001:00037258       Classes.TReader.ReadString
 0001:00037480       Classes.TReader.ReadValue
 0001:00037F80       Classes.TReader.ReadVariant
 0001:00035758       Classes.TReader.ReadWideChar
 0001:00037340       Classes.TReader.ReadWideString
 0001:00037CBC       Classes.TReader.ReferenceName
 0001:00037CD4       Classes.TReader.SetName
 0001:00037494       Classes.TReader.SetPosition
 0001:00037D70       Classes.TReader.SkipBytes
 0001:00037B58       Classes.TReader.SkipComponent
 0001:00037B10       Classes.TReader.SkipProperty
 0001:000374B4       Classes.TReader.SkipSetBody
 0001:000375BC       Classes.TReader.SkipValue
 0001:0002E2F0       Classes.TRegGroup.AddClass
 0001:0002E2FC       Classes.TRegGroup.BestClass
 0001:0002E35C       Classes.TRegGroup.BestGroup
 0001:0002E3CC       Classes.TRegGroup.Create
 0001:0002E428       Classes.TRegGroup.Destroy
 0001:0002E468       Classes.TRegGroup.GetClass
 0001:0002E4B8       Classes.TRegGroup.GetClasses
 0001:0002E500       Classes.TRegGroup.IndexOfClass
 0001:0002E578       Classes.TRegGroup.InGroup
 0001:0002E5BC       Classes.TRegGroup.RegisterClass
 0001:0002E670       Classes.TRegGroup.RegisterClassAlias
 0001:0002E6A8       Classes.TRegGroup.Registered
 0001:0002E6C0       Classes.TRegGroup.UnregisterClass
 0001:0002E720       Classes.TRegGroup.UnregisterModuleClasses
 0001:0002E860       Classes.TRegGroups.Activate
 0001:0002E8AC       Classes.TRegGroups.AddClass
 0001:0002E8CC       Classes.TRegGroups.Create
 0001:0002E940       Classes.TRegGroups.Destroy
 0001:0002E9A0       Classes.TRegGroups.FindGroup
 0001:0002E9E4       Classes.TRegGroups.GetClass
 0001:0002EA28       Classes.TRegGroups.GroupedWith
 0001:0002EACC       Classes.TRegGroups.GroupWith
 0001:0002EBA0       Classes.TRegGroups.Lock
 0001:0002EBAC       Classes.TRegGroups.RegisterClass
 0001:0002EBC4       Classes.TRegGroups.RegisterClassAlias
 0001:0002EBE4       Classes.TRegGroups.Registered
 0001:0002EC28       Classes.TRegGroups.StartGroup
 0001:0002EC78       Classes.TRegGroups.Unlock
 0001:0002EC84       Classes.TRegGroups.UnregisterClass
 0001:0002ECB4       Classes.TRegGroups.UnregisterModuleClasses
 0001:00034424       Classes.TResourceStream.Create
 0001:0003447C       Classes.TResourceStream.CreateFromID
 0001:000345DC       Classes.TResourceStream.Destroy
 0001:00034570       Classes.TResourceStream.Initialize
 0001:0003460C       Classes.TResourceStream.Write
 0001:00033860       Classes.TStream.CopyFrom
 0001:00033CC8       Classes.TStream.FixupResourceHeader
 0001:0003359C       Classes.TStream.GetPosition
 0001:000335D0       Classes.TStream.GetSize
 0001:000281A0       Classes.TStream.Read
 0001:000337F0       Classes.TStream.ReadBuffer
 0001:00033954       Classes.TStream.ReadComponent
 0001:00033A18       Classes.TStream.ReadComponentRes
 0001:00033DC0       Classes.TStream.ReadResHeader
 0001:000336FC       Classes.TStream.Seek
 0001:00033780       Classes.TStream.Seek
 0001:000335BC       Classes.TStream.SetPosition
 0001:00033634       Classes.TStream.SetSize
 0001:0003361C       Classes.TStream.SetSize
 0001:00033620       Classes.TStream.SetSize64
 0001:000281A8       Classes.TStream.Write
 0001:00033828       Classes.TStream.WriteBuffer
 0001:000339B4       Classes.TStream.WriteComponent
 0001:00033A34       Classes.TStream.WriteComponentRes
 0001:000339BC       Classes.TStream.WriteDescendent
 0001:00033D8C       Classes.TStream.WriteDescendentRes
 0001:00033A3C       Classes.TStream.WriteResourceHeader
 0001:0003D0B8       Classes.TStreamAdapter.Clone
 0001:0003D00C       Classes.TStreamAdapter.Commit
 0001:0003CE04       Classes.TStreamAdapter.CopyTo
 0001:0003CBC8       Classes.TStreamAdapter.Create
 0001:0003CC14       Classes.TStreamAdapter.Destroy
 0001:0003D024       Classes.TStreamAdapter.LockRegion
 0001:0003CC4C       Classes.TStreamAdapter.Read
 0001:0003D018       Classes.TStreamAdapter.Revert
 0001:0003CD1C       Classes.TStreamAdapter.Seek
 0001:0003CDA0       Classes.TStreamAdapter.SetSize
 0001:0003D03C       Classes.TStreamAdapter.Stat
 0001:0003D030       Classes.TStreamAdapter.UnlockRegion
 0001:0003CCB4       Classes.TStreamAdapter.Write
 0001:00032E84       Classes.TStringList.Add
 0001:00032E94       Classes.TStringList.AddObject
 0001:00032EF8       Classes.TStringList.Changed
 0001:00032F14       Classes.TStringList.Changing
 0001:00032F30       Classes.TStringList.Clear
 0001:000334DC       Classes.TStringList.CompareStrings
 0001:00033530       Classes.TStringList.Create
 0001:000334F8       Classes.TStringList.Create
 0001:000334A4       Classes.TStringList.CustomSort
 0001:00032F98       Classes.TStringList.Delete
 0001:00032E00       Classes.TStringList.Destroy
 0001:00033018       Classes.TStringList.Exchange
 0001:00033074       Classes.TStringList.ExchangeItems
 0001:00033098       Classes.TStringList.Find
 0001:0003311C       Classes.TStringList.Get
 0001:0003314C       Classes.TStringList.GetCapacity
 0001:00033150       Classes.TStringList.GetCount
 0001:00033154       Classes.TStringList.GetObject
 0001:00033178       Classes.TStringList.Grow
 0001:000331AC       Classes.TStringList.IndexOf
 0001:000331E8       Classes.TStringList.Insert
 0001:0003324C       Classes.TStringList.InsertItem
 0001:000331F8       Classes.TStringList.InsertObject
 0001:000332C8       Classes.TStringList.Put
 0001:00033320       Classes.TStringList.PutObject
 0001:0003335C       Classes.TStringList.QuickSort
 0001:000333F4       Classes.TStringList.SetCapacity
 0001:00033574       Classes.TStringList.SetCaseSensitive
 0001:00033434       Classes.TStringList.SetSorted
 0001:00033454       Classes.TStringList.SetUpdateState
 0001:00033494       Classes.TStringList.Sort
 0001:00031664       Classes.TStrings.Add
 0001:00031688       Classes.TStrings.AddObject
 0001:000316B8       Classes.TStrings.AddStrings
 0001:000316AC       Classes.TStrings.Append
 0001:00031770       Classes.TStrings.Assign
 0001:0003182C       Classes.TStrings.BeginUpdate
 0001:00027428       Classes.TStrings.Clear
 0001:00032DB8       Classes.TStrings.CompareStrings
 0001:0003189C       Classes.TStrings.DefineProperties
 0001:00027430       Classes.TStrings.Delete
 0001:00031634       Classes.TStrings.Destroy
 0001:000318F4       Classes.TStrings.EndUpdate
 0001:00031908       Classes.TStrings.Equals
 0001:000319EC       Classes.TStrings.Error
 0001:000319B4       Classes.TStrings.Error
 0001:00031A44       Classes.TStrings.Exchange
 0001:00031B30       Classes.TStrings.ExtractName
 0001:00031BAC       Classes.TStrings.GetCapacity
 0001:00031BB4       Classes.TStrings.GetCommaText
 0001:00031C4C       Classes.TStrings.GetDelimitedText
 0001:00032CA4       Classes.TStrings.GetDelimiter
 0001:00031EBC       Classes.TStrings.GetEnumerator
 0001:00032CC0       Classes.TStrings.GetLineBreak
 0001:00031ECC       Classes.TStrings.GetName
 0001:00032DC4       Classes.TStrings.GetNameValueSeparator
 0001:00031F2C       Classes.TStrings.GetObject
 0001:00032CFC       Classes.TStrings.GetQuoteChar
 0001:00032D18       Classes.TStrings.GetStrictDelimiter
 0001:00031F30       Classes.TStrings.GetText
 0001:00031F84       Classes.TStrings.GetTextStr
 0001:0003211C       Classes.TStrings.IndexOf
 0001:000321A8       Classes.TStrings.IndexOfName
 0001:0003227C       Classes.TStrings.IndexOfObject
 0001:00027438       Classes.TStrings.Insert
 0001:000322B0       Classes.TStrings.InsertObject
 0001:000322E0       Classes.TStrings.LoadFromFile
 0001:00032334       Classes.TStrings.LoadFromFile
 0001:00032390       Classes.TStrings.LoadFromStream
 0001:0003239C       Classes.TStrings.LoadFromStream
 0001:00032490       Classes.TStrings.Move
 0001:00032540       Classes.TStrings.Put
 0001:00032570       Classes.TStrings.PutObject
 0001:00032574       Classes.TStrings.ReadData
 0001:00032624       Classes.TStrings.SaveToFile
 0001:00032634       Classes.TStrings.SaveToFile
 0001:000326A4       Classes.TStrings.SaveToStream
 0001:00032694       Classes.TStrings.SaveToStream
 0001:0003275C       Classes.TStrings.SetCapacity
 0001:00032760       Classes.TStrings.SetCommaText
 0001:00032AF4       Classes.TStrings.SetDelimitedText
 0001:00032D30       Classes.TStrings.SetDelimiter
 0001:00032D50       Classes.TStrings.SetLineBreak
 0001:00032DE0       Classes.TStrings.SetNameValueSeparator
 0001:00032D7C       Classes.TStrings.SetQuoteChar
 0001:00032D9C       Classes.TStrings.SetStrictDelimiter
 0001:00032788       Classes.TStrings.SetStringsAdapter
 0001:000327BC       Classes.TStrings.SetText
 0001:0003280C       Classes.TStrings.SetTextStr
 0001:000329B8       Classes.TStrings.SetUpdateState
 0001:000329BC       Classes.TStrings.SetValue
 0001:00032A70       Classes.TStrings.WriteData
 0001:000315BC       Classes.TStringsEnumerator.Create
 0001:00031600       Classes.TStringsEnumerator.GetCurrent
 0001:00031618       Classes.TStringsEnumerator.MoveNext
 0004:00004F48       Classes.TThread.$ClassInitFlag
 0001:0003AEA4       Classes.TThread.AfterConstruction
 0001:0003AF4C       Classes.TThread.CallOnTerminate
 0001:0003AEB8       Classes.TThread.CheckThreadError
 0001:0003AF34       Classes.TThread.CheckThreadError
 0001:0003AD04       Classes.TThread.Create
 0002:0000023C       Classes.TThread.Create@
 0001:0003AE08       Classes.TThread.Destroy
 0001:0003AE7C       Classes.TThread.Destroy@
 0001:0003AF60       Classes.TThread.DoTerminate
 0005:00000008       Classes.TThread.FCurrentThread
 0001:0003AF74       Classes.TThread.GetPriority
 0001:0003AFB0       Classes.TThread.InternalStart
 0001:0003BA48       Classes.TThread.NameThreadForDebugging
 0001:0003B1DC       Classes.TThread.Queue
 0001:0003B088       Classes.TThread.Queue
 0001:0003B644       Classes.TThread.Queue
 0001:0003B110       Classes.TThread.Queue
 0001:0003B87C       Classes.TThread.RemoveQueuedEvents
 0001:0003B27C       Classes.TThread.RemoveQueuedEvents
 0001:0003B7D8       Classes.TThread.RemoveQueuedEvents
 0001:0003B93C       Classes.TThread.Resume
 0001:0003B05C       Classes.TThread.SetPriority
 0001:0003B890       Classes.TThread.SetSuspended
 0001:0003B8A8       Classes.TThread.SpinWait
 0001:0003B8C4       Classes.TThread.Start
 0001:0003B340       Classes.TThread.StaticQueue
 0001:0003B7C4       Classes.TThread.StaticSynchronize
 0001:0003B8CC       Classes.TThread.Suspend
 0001:0003B354       Classes.TThread.Synchronize
 0001:0003B518       Classes.TThread.Synchronize
 0001:0003B54C       Classes.TThread.Synchronize
 0001:0003B728       Classes.TThread.Synchronize
 0001:0003B5B4       Classes.TThread.Synchronize
 0001:0003B964       Classes.TThread.Terminate
 0001:0003B988       Classes.TThread.WaitFor
 0001:0003075C       Classes.TThreadList.Add
 0001:000307E4       Classes.TThreadList.Clear
 0001:0003068C       Classes.TThreadList.Create
 0001:000306E0       Classes.TThreadList.Destroy
 0001:0003082C       Classes.TThreadList.LockList
 0001:00030840       Classes.TThreadList.Remove
 0001:00030848       Classes.TThreadList.RemoveItem
 0001:0003089C       Classes.TThreadList.UnlockList
 0001:000381CC       Classes.TWriter.AddAncestor
 0001:00038200       Classes.TWriter.DefineBinaryProperty
 0001:000381D8       Classes.TWriter.DefineProperty
 0001:000381A0       Classes.TWriter.Destroy
 0001:0003823C       Classes.TWriter.FindMethodName
 0001:00038284       Classes.TWriter.FlushBuffer
 0001:0003A858       Classes.TWriter.GetLookupInfo
 0001:0003822C       Classes.TWriter.GetPosition
 0001:0003828C       Classes.TWriter.SetPosition
 0001:000382C8       Classes.TWriter.SetRoot
 0001:000382E0       Classes.TWriter.Write
 0001:0003832C       Classes.TWriter.WriteBinary
 0001:000383CC       Classes.TWriter.WriteBoolean
 0001:000383B4       Classes.TWriter.WriteBuffer
 0001:000383E0       Classes.TWriter.WriteChar
 0001:00038480       Classes.TWriter.WriteCollection
 0001:00038570       Classes.TWriter.WriteComponent
 0001:00038B18       Classes.TWriter.WriteCurrency
 0001:000386C4       Classes.TWriter.WriteData
 0001:00038B3C       Classes.TWriter.WriteDate
 0001:00038A84       Classes.TWriter.WriteDescendent
 0001:00038AF4       Classes.TWriter.WriteDouble
 0001:00038AAC       Classes.TWriter.WriteFloat
 0001:00038B60       Classes.TWriter.WriteIdent
 0001:00038CB8       Classes.TWriter.WriteInteger
 0001:00038C44       Classes.TWriter.WriteInteger
 0001:00038D10       Classes.TWriter.WriteListBegin
 0001:00038D18       Classes.TWriter.WriteListEnd
 0001:0003A51C       Classes.TWriter.WriteMinStr
 0001:00038D20       Classes.TWriter.WritePrefix
 0001:00038D68       Classes.TWriter.WriteProperties
 0001:00039EC0       Classes.TWriter.WriteProperty
 0001:0003A3F4       Classes.TWriter.WritePropName
 0001:0003A448       Classes.TWriter.WriteRootComponent
 0001:0003A450       Classes.TWriter.WriteSignature
 0001:00038AD0       Classes.TWriter.WriteSingle
 0001:0003A460       Classes.TWriter.WriteStr
 0001:0003A650       Classes.TWriter.WriteString
 0001:0003A768       Classes.TWriter.WriteUTF8Str
 0001:0003A844       Classes.TWriter.WriteValue
 0001:0003A014       Classes.TWriter.WriteVariant
 0001:00038430       Classes.TWriter.WriteWideChar
 0001:0003A83C       Classes.TWriter.WriteWideString
 0001:0002F640       Classes.UnregisterFindGlobalComponentProc
 0001:0002F124       Classes.UnRegisterModuleClasses
 0003:0000107C       Classes.UtilWindowClass
 0001:0003AA34       Classes.WaitForSyncEvent
 0003:00000F94       Classes.WakeMainThread
 0001:0002F974       Classes.WriteCollection
 0001:000396F0       Classes.WriteCollectionProp
 0001:0003988C       Classes.WriteFloatProp
 0001:000398CC       Classes.WriteInt64Prop
 0001:00039CF0       Classes.WriteInterfaceProp
 0001:00039684       Classes.WriteIntProp
 0001:00039DCC       Classes.WriteMethodProp
 0001:00039ADC       Classes.WriteObjectProp
 0001:00039794       Classes.WriteOrdProp
 0001:00039598       Classes.WritePropPath
 0001:000395F0       Classes.WriteSet
 0001:00039908       Classes.WriteStrProp
 0001:00039E5C       Classes.WriteVariantProp
 0004:0000516C       Clipbrd..3
 0004:0000516A       Clipbrd.CF_COMPONENT
 0004:00005168       Clipbrd.CF_PICTURE
 0002:00000950       Clipbrd.Clipbrd
 0004:00005170       Clipbrd.FClipboard
 0001:00060B28       Clipbrd.Finalization
 0004:0000517C       ComCtrls..96
 0001:00060F3C       ComCtrls..TConversion
 0002:00000A1C       ComCtrls.ComCtrls
 0004:00005180       ComCtrls.ConversionFormatList
 0001:000612D4       ComCtrls.Finalization
 0001:00061274       ComCtrls.FreeConversionFormatList
 0004:00005188       ComCtrls.FRichEditModule
 0003:00001970       ComCtrls.RTFConversionFormat
 0004:00005184       ComCtrls.ShellModule
 0001:000611BC       ComCtrls.TConversion.ConvertReadStream
 0001:00061218       ComCtrls.TConversion.ConvertWriteStream
 0001:00061184       ComCtrls.TConversion.Create
 0003:00001978       ComCtrls.TextConversionFormat
 0001:0000B9D8       CommCtrl.FlatSB_GetScrollInfo
 0001:0000B9E0       CommCtrl.FlatSB_GetScrollPos
 0001:0000B9E8       CommCtrl.FlatSB_SetScrollInfo
 0001:0000B9F0       CommCtrl.FlatSB_SetScrollPos
 0001:0000B9F8       CommCtrl.FlatSB_SetScrollProp
 0001:0000B910       CommCtrl.ImageList_Add
 0001:0000B970       CommCtrl.ImageList_BeginDrag
 0001:0000B968       CommCtrl.ImageList_Copy
 0001:0000B8F0       CommCtrl.ImageList_Create
 0001:0000B8F8       CommCtrl.ImageList_Destroy
 0001:0000B980       CommCtrl.ImageList_DragEnter
 0001:0000B988       CommCtrl.ImageList_DragLeave
 0001:0000B990       CommCtrl.ImageList_DragMove
 0001:0000B998       CommCtrl.ImageList_DragShowNolock
 0001:0000B938       CommCtrl.ImageList_Draw
 0001:0000B948       CommCtrl.ImageList_DrawEx
 0001:0000B978       CommCtrl.ImageList_EndDrag
 0001:0000B928       CommCtrl.ImageList_GetBkColor
 0001:0000B9A0       CommCtrl.ImageList_GetDragImage
 0001:0000B958       CommCtrl.ImageList_GetIcon
 0001:0000B9B8       CommCtrl.ImageList_GetIconSize
 0001:0000B900       CommCtrl.ImageList_GetImageCount
 0001:0000B9C8       CommCtrl.ImageList_GetImageInfo
 0001:0000B960       CommCtrl.ImageList_LoadImage
 0001:0000B9A8       CommCtrl.ImageList_Read
 0001:0000B950       CommCtrl.ImageList_Remove
 0001:0000B940       CommCtrl.ImageList_Replace
 0001:0000B918       CommCtrl.ImageList_ReplaceIcon
 0001:0000B920       CommCtrl.ImageList_SetBkColor
 0001:0000B9C0       CommCtrl.ImageList_SetIconSize
 0001:0000B908       CommCtrl.ImageList_SetImageCount
 0001:0000B930       CommCtrl.ImageList_SetOverlayImage
 0001:0000B9B0       CommCtrl.ImageList_Write
 0001:0000BA00       CommCtrl.InitializeFlatSB
 0001:0000B9D0       CommCtrl._TrackMouseEvent
 0001:0003FAAC       Contnrs..TOrderedList
 0001:0003FCC4       Contnrs..TStack
 0001:0003FD54       Contnrs.TOrderedList.AtLeast
 0001:0003FD80       Contnrs.TOrderedList.Count
 0001:0003FD88       Contnrs.TOrderedList.Create
 0001:0003FDCC       Contnrs.TOrderedList.Destroy
 0001:0003FD60       Contnrs.TOrderedList.Peek
 0001:0003FDFC       Contnrs.TOrderedList.PeekItem
 0001:0003FD68       Contnrs.TOrderedList.Pop
 0001:0003FE10       Contnrs.TOrderedList.PopItem
 0001:0003FD70       Contnrs.TOrderedList.Push
 0001:0003FE30       Contnrs.TStack.PushItem
 0004:000051EC       Controls..44
 0001:0006C978       Controls..TBaseDragControlObject
 0001:000707D8       Controls..TControl
 0001:0006D604       Controls..TControlActionLink
 0001:0006D1EC       Controls..TControlCanvas
 0001:00074018       Controls..TCustomControl
 0001:0006D430       Controls..TCustomControlAction
 0001:0006E8B8       Controls..TCustomGestureCollectionItem
 0001:0006F0F8       Controls..TCustomGestureEngine
 0001:0006EB18       Controls..TCustomGestureManager
 0001:000769FC       Controls..TCustomHint
 0001:000767A4       Controls..TCustomHintShowHideThread
 0001:00076368       Controls..TCustomHintWindow
 0001:00075EE4       Controls..TCustomListControl
 0001:00075754       Controls..TCustomPanningWindow
 0001:0006F2CC       Controls..TCustomTouchManager
 0001:000753E0       Controls..TDockTree
 0001:00074DF8       Controls..TDockZone
 0001:0006CB14       Controls..TDragControlObject
 0001:0006CC50       Controls..TDragControlObjectEx
 0001:0006CD5C       Controls..TDragDockObject
 0001:0006D0D4       Controls..TDragDockObjectEx
 0001:000746F4       Controls..TDragImageList
 0001:0006C474       Controls..TDragObject
 0001:00074234       Controls..THintWindow
 0001:00074B50       Controls..TImageList
 0001:0006DEF0       Controls..TMargins
 0001:00075A04       Controls..TMouse
 0001:0006E3D4       Controls..TPadding
 0001:00077708       Controls..TSiteList
 0001:0006DC88       Controls..TSizeConstraints
 0001:0006F880       Controls..TTouchManager
 0001:00072B54       Controls..TWinControl
 0001:00072598       Controls..TWinControlActionLink
 0001:00077EBC       Controls.AbsMin
 0004:00005220       Controls.ActiveDrag
 0001:0007EC38       Controls.AlignNestedControls
 0001:0007EBE4       Controls.AlignWork
 0003:00001B4C       Controls.AnchorAlign
 0003:00001B40       Controls.AnimateWindowProc
 0003:00001CC8       Controls.AnimationStyle
 0001:0007B0D0       Controls.BackgroundClipped
 0001:00089564       Controls.CalcSplitterPos
 0001:00078F40       Controls.CancelDrag
 0004:00005234       Controls.CanvasList
 0003:00001C04       Controls.CaptureControl
 0001:00077020       Controls.ChangeBiDiModeAlignment
 0001:00078BA8       Controls.CheckUndock
 0001:00086298       Controls.ClientToWindow
 0004:000051F2       Controls.ControlAtom
 0004:000051F8       Controls.ControlAtomString
 0002:00000B30       Controls.Controls
 0003:00001C5C       Controls.CPan
 0003:00001C58       Controls.CPanOoptions
 0003:00001C8C       Controls.CPanSingleFingerHorizontal
 0003:00001C84       Controls.CPanSingleFingerVertical
 0003:00001C94       Controls.CPanWithGutter
 0003:00001C9C       Controls.CPanWithInertia
 0003:00001C74       Controls.CPressAndTap
 0003:00001B48       Controls.CreationControl
 0003:00001C6C       Controls.CRotate
 0003:00001C48       Controls.Ctl3DStyles
 0003:00001C7C       Controls.CTwoFingerTap
 0003:00001B54       Controls.Cursors
 0001:000774E8       Controls.CursorToIdent
 0003:00001C64       Controls.CZoom
 0003:00001B44       Controls.DefaultDockTreeClass
 0001:00080010       Controls.DestroyChildWindow
 0001:0007EEB0       Controls.DoAdjustSize
 0001:0007EA58       Controls.DoAlign
 0001:0008430C       Controls.DoCalcConstraints
 0004:00005228       Controls.DockSiteList
 0001:00080F60       Controls.DoControlMsg
 0001:000784BC       Controls.DoDragOver
 0001:00086F90       Controls.DoFindControlZone
 0001:000876BC       Controls.DoFindZone
 0001:00087014       Controls.DoForEach
 0001:00088D34       Controls.DoGetNextLimit
 0001:00089E70       Controls.DoneControls
 0001:0007EA10       Controls.DoPosition
 0001:000881E0       Controls.DoPrune
 0001:00088728       Controls.DoSaveZone
 0001:00088A2C       Controls.DoSetNewBounds
 0001:0007FC8C       Controls.DoWriteDesignSize
 0001:0007C664       Controls.DoWriteExplicit
 0001:0007C630       Controls.DoWriteIsControl
 0004:0000520C       Controls.DragCapture
 0004:00005200       Controls.DragControl
 0001:00078C1C       Controls.DragDone
 0001:0007846C       Controls.DragFindTarget
 0001:00078440       Controls.DragFindWindow
 0004:00005224       Controls.DragImageList
 0001:00078880       Controls.DragInit
 0001:000789F0       Controls.DragInitControl
 0004:00005208       Controls.DragInternalObject
 0001:00078388       Controls.DragMessage
 0004:00005204       Controls.DragObject
 0004:00005230       Controls.DragSave
 0004:00005218       Controls.DragSaveCursor
 0004:00005210       Controls.DragStartPos
 0004:0000521C       Controls.DragThreshold
 0001:00078598       Controls.DragTo
 0001:00087C60       Controls.DrawCloseButton
 0001:00087CF4       Controls.DrawGrabberLine
 0001:00087D80       Controls.DrawThemedGrabber
 0001:0008147C       Controls.DrawThemeEdge
 0003:00001C38       Controls.EdgeStyles
 0001:0008BBFC       Controls.Finalization
 0001:00077178       Controls.FindControl
 0001:00078F8C       Controls.FindDragTarget
 0001:00078F58       Controls.FindVCLWindow
 0004:00005238       Controls.FlagControl
 0001:00079080       Controls.FreeDeviceContext
 0001:00079148       Controls.FreeDeviceContexts
 0003:00001C50       Controls.GestureMap
 0001:0007769C       Controls.GetCaptureControl
 0001:0007E878       Controls.GetClientSize
 0001:0008051C       Controls.GetControlAtPos
 0001:00088E14       Controls.GetDockAlign
 0001:000781E0       Controls.GetDockSiteAtPos
 0001:000784F8       Controls.GetDropCtl
 0001:00086CC0       Controls.GetLastChildZone
 0001:00077550       Controls.GetLongHint
 0001:00077508       Controls.GetShortHint
 0001:000778CC       Controls.GetTopParent
 0001:00088E90       Controls.HideZone
 0001:000774F8       Controls.IdentToCursor
 0003:00001CF0       Controls.IMM32DLL
 0001:00089E5C       Controls.Imm32IsIME
 0001:00089F10       Controls.InitControls
 0001:00089A28       Controls.InitIMM32
 0001:00077034       Controls.InitWndProc
 0003:00001C18       Controls.InnerStyles
 0001:0007E8E0       Controls.InsertBefore
 0001:00077FA0       Controls.IsBeforeTargetWindow
 0001:000783E0       Controls.IsDelphiHandle
 0001:000866D8       Controls.IsOrientationSet
 0001:0007819C       Controls.IsSiteChildOfClient
 0001:000771D4       Controls.IsVCLControl
 0004:000051E0       Controls.IsVCLControlHook
 0001:0008B250       Controls.LatestHintWindow
 0001:00078FD8       Controls.ListAdd
 0001:00079000       Controls.ListRemove
 0003:00001CDC       Controls.MakeLast
 0001:0007D8E8       Controls.MinVar
 0003:00001CF4       Controls.ModeMap
 0004:000051DC       Controls.Mouse
 0001:00076FE4       Controls.MouseOriginToShiftState
 0001:00079050       Controls.MoveWindowOrg
 0004:000051E8       Controls.NewStyleControls
 0001:000866BC       Controls.NextVisibleZone
 0001:00077144       Controls.ObjectFromHWnd
 0003:00001CA4       Controls.Options
 0003:00001CD4       Controls.OrientArray
 0003:00001C28       Controls.OuterStyles
 0003:00001C08       Controls.PaintMessage
 0001:00086AE8       Controls.ParentNotLast
 0001:000775E8       Controls.PerformBufferedPrintClient
 0001:00077598       Controls.PerformEraseBackground
 0001:0007FC78       Controls.PointsEqual
 0004:0000522C       Controls.QualifyingSites
 0001:00087858       Controls.ReadControlName
 0001:0007832C       Controls.RegisterDockSite
 0004:000051FC       Controls.RM_GetObjectInstance
 0001:00077204       Controls.SendAppMessage
 0001:000776C4       Controls.SetCaptureControl
 0001:00089D84       Controls.SetImeMode
 0001:0007D160       Controls.SetParentColor
 0003:00001C10       Controls.ShowFlags
 0001:00088F10       Controls.ShowZone
 0003:00001CE8       Controls.SizeCursors
 0001:00077CA0       Controls.TBaseDragControlObject.Assign
 0001:00077C64       Controls.TBaseDragControlObject.Create
 0001:00077CCC       Controls.TBaseDragControlObject.EndDrag
 0001:00077CF8       Controls.TBaseDragControlObject.Finished
 0001:0007D618       Controls.TControl.ActionChange
 0001:0007DA0C       Controls.TControl.AdjustSize
 0001:0007D83C       Controls.TControl.AssignTo
 0001:0007B470       Controls.TControl.BeginAutoDrag
 0001:0007B48C       Controls.TControl.BeginDrag
 0001:0007AF20       Controls.TControl.BringToFront
 0001:0007C034       Controls.TControl.CalcCursorPos
 0001:0007C1EC       Controls.TControl.CalcDockSizes
 0001:0007BF34       Controls.TControl.CanAutoSize
 0001:0007BF38       Controls.TControl.CanResize
 0001:0007A870       Controls.TControl.Changed
 0001:0007A880       Controls.TControl.ChangeScale
 0001:0007CC90       Controls.TControl.CheckNewSize
 0001:0007CA64       Controls.TControl.Click
 0001:0007DC48       Controls.TControl.ClientToParent
 0001:0007A674       Controls.TControl.ClientToScreen
 0001:0007D2DC       Controls.TControl.CMBiDiModeChanged
 0001:0007D154       Controls.TControl.CMColorChanged
 0001:0007D458       Controls.TControl.CMDesignHitTest
 0001:0007D13C       Controls.TControl.CMEnabledChanged
 0001:0007D5B8       Controls.TControl.CMFloat
 0001:0007D148       Controls.TControl.CMFontChanged
 0001:0007D268       Controls.TControl.CMGesture
 0001:0007DA98       Controls.TControl.CMHintShow
 0001:0007D388       Controls.TControl.CMHitTest
 0001:0007DE68       Controls.TControl.CMMouseActivate
 0001:0007D390       Controls.TControl.CMMouseEnter
 0001:0007D3F4       Controls.TControl.CMMouseLeave
 0001:0007D1F8       Controls.TControl.CMMouseWheel
 0001:0007D1D4       Controls.TControl.CMParentBiDiModeChanged
 0001:0007D198       Controls.TControl.CMParentColorChanged
 0001:0007D334       Controls.TControl.CMParentFontChanged
 0001:0007D2F8       Controls.TControl.CMParentShowHintChanged
 0001:0007D460       Controls.TControl.CMParentTabletOptionsChanged
 0001:0007D364       Controls.TControl.CMSysFontChanged
 0001:0007D114       Controls.TControl.CMVisibleChanged
 0001:0007C004       Controls.TControl.ConstrainedResize
 0001:000798D8       Controls.TControl.Create
 0001:0007D494       Controls.TControl.CreateFloatingDockSite
 0001:0007D514       Controls.TControl.CreateTouchManager
 0001:0007CADC       Controls.TControl.DblClick
 0001:0007B96C       Controls.TControl.DefaultDockImage
 0001:0007C57C       Controls.TControl.DefaultHandler
 0001:0007C884       Controls.TControl.DefineProperties
 0001:0007C060       Controls.TControl.DesignWndProc
 0001:00079A20       Controls.TControl.Destroy
 0001:0007D718       Controls.TControl.DoActionChange
 0001:0007BF68       Controls.TControl.DoCanAutoSize
 0001:0007BFD4       Controls.TControl.DoCanResize
 0001:0007A320       Controls.TControl.Dock
 0001:0007B758       Controls.TControl.DockTrackNoTarget
 0001:0007C094       Controls.TControl.DoConstrainedResize
 0001:0007BF28       Controls.TControl.DoConstraintsChange
 0001:0007DC08       Controls.TControl.DoContextPopup
 0001:0007A450       Controls.TControl.DoDock
 0001:0007BAB8       Controls.TControl.DoDragMsg
 0001:0007B770       Controls.TControl.DoEndDock
 0001:0007B658       Controls.TControl.DoEndDrag
 0001:0007B638       Controls.TControl.DoGesture
 0001:0007B63C       Controls.TControl.DoGetGestureOptions
 0001:0007DE8C       Controls.TControl.DoMarginChange
 0001:0007B7CC       Controls.TControl.DoMouseActivate
 0001:0007CB34       Controls.TControl.DoMouseDown
 0001:0007CED0       Controls.TControl.DoMouseUp
 0001:0007B800       Controls.TControl.DoMouseWheel
 0001:0007B8D4       Controls.TControl.DoMouseWheelDown
 0001:0007B920       Controls.TControl.DoMouseWheelUp
 0001:0007B79C       Controls.TControl.DoStartDock
 0001:0007B618       Controls.TControl.DoStartDrag
 0001:0007B5A0       Controls.TControl.DragCanceled
 0001:0007B5EC       Controls.TControl.DragDrop
 0001:0007B5A4       Controls.TControl.Dragging
 0001:0007B5B0       Controls.TControl.DragOver
 0001:0007BA98       Controls.TControl.DrawDragDockImage
 0001:0007DA2C       Controls.TControl.DrawTextBiDiModeFlags
 0001:0007DA6C       Controls.TControl.DrawTextBiDiModeFlagsReadingOnly
 0001:0007B56C       Controls.TControl.EndDrag
 0001:0007BAA8       Controls.TControl.EraseDragDockImage
 0001:0007AD30       Controls.TControl.FontChanged
 0001:00079BDC       Controls.TControl.GetAction
 0001:0007D73C       Controls.TControl.GetActionLinkClass
 0001:0007DEB0       Controls.TControl.GetAlignWithMargins
 0001:0007A508       Controls.TControl.GetBoundsRect
 0001:0007A5A4       Controls.TControl.GetClientHeight
 0001:0007A5E4       Controls.TControl.GetClientOrigin
 0001:0007A54C       Controls.TControl.GetClientRect
 0001:0007A564       Controls.TControl.GetClientWidth
 0001:0007B408       Controls.TControl.GetControlsAlignment
 0001:0007C1C4       Controls.TControl.GetCustomHint
 0001:0007B028       Controls.TControl.GetDeviceContext
 0001:0007D928       Controls.TControl.GetDockEdge
 0001:00079B1C       Controls.TControl.GetDragImages
 0001:00079DCC       Controls.TControl.GetDragMode
 0001:00079B20       Controls.TControl.GetEnabled
 0001:0007D9D8       Controls.TControl.GetFloating
 0001:0007DA04       Controls.TControl.GetFloatingDockSiteClass
 0001:0007AC40       Controls.TControl.GetLRDockWidth
 0001:0007AEE8       Controls.TControl.GetMouseCapture
 0001:00079B28       Controls.TControl.GetPalette
 0001:00079B34       Controls.TControl.GetParentComponent
 0001:0007CC8C       Controls.TControl.GetPopupMenu
 0001:0007AC2C       Controls.TControl.GetTBDockHeight
 0001:0007AC78       Controls.TControl.GetText
 0001:0007ABF8       Controls.TControl.GetTextBuf
 0001:0007ABE8       Controls.TControl.GetTextLen
 0001:0007AC04       Controls.TControl.GetUndockHeight
 0001:0007AC18       Controls.TControl.GetUndockWidth
 0001:00079B2C       Controls.TControl.HasParent
 0001:0007B2B4       Controls.TControl.Hide
 0001:0007DA88       Controls.TControl.InitiateAction
 0001:0007B1EC       Controls.TControl.Invalidate
 0001:0007B158       Controls.TControl.InvalidateControl
 0001:00079D08       Controls.TControl.IsAnchorsStored
 0001:0007ADA4       Controls.TControl.IsBiDiModeStored
 0001:0007D744       Controls.TControl.IsCaptionStored
 0001:0007AE7C       Controls.TControl.IsColorStored
 0001:0007D764       Controls.TControl.IsEnabledStored
 0001:0007AD84       Controls.TControl.IsFontStored
 0001:0007D7A4       Controls.TControl.IsHelpContextStored
 0001:0007D784       Controls.TControl.IsHintStored
 0001:0007D7E4       Controls.TControl.IsOnClickStored
 0001:0007B40C       Controls.TControl.IsRightToLeft
 0001:0007AD98       Controls.TControl.IsShowHintStored
 0001:00079D20       Controls.TControl.IsTouchPropertyStored
 0001:0007D7C4       Controls.TControl.IsVisibleStored
 0001:0007D804       Controls.TControl.Loaded
 0001:0007BBA8       Controls.TControl.ManualDock
 0001:0007BD94       Controls.TControl.ManualFloat
 0001:0007B200       Controls.TControl.MouseActivate
 0001:0007CAFC       Controls.TControl.MouseDown
 0001:0007CDDC       Controls.TControl.MouseMove
 0001:0007CE98       Controls.TControl.MouseUp
 0001:0007B248       Controls.TControl.MouseWheelHandler
 0001:00079EA4       Controls.TControl.Notification
 0001:00079B60       Controls.TControl.PaletteChanged
 0001:0007DD58       Controls.TControl.ParentToClient
 0001:0007C19C       Controls.TControl.Perform
 0001:0007C1B0       Controls.TControl.Perform
 0001:0007C168       Controls.TControl.Perform
 0001:0007B684       Controls.TControl.PositionDockRect
 0001:0007DF88       Controls.TControl.ReadExplicitHeight
 0001:0007DFA0       Controls.TControl.ReadExplicitLeft
 0001:0007DF70       Controls.TControl.ReadExplicitTop
 0001:0007DF48       Controls.TControl.ReadExplicitWidth
 0001:0007C610       Controls.TControl.ReadIsControl
 0001:00079DF4       Controls.TControl.ReadState
 0001:0007B300       Controls.TControl.Refresh
 0001:0007B30C       Controls.TControl.Repaint
 0001:0007BE34       Controls.TControl.ReplaceDockedControl
 0001:00079DBC       Controls.TControl.RequestAlign
 0001:00079DD4       Controls.TControl.Resize
 0001:0007A6A0       Controls.TControl.ScaleConstraints
 0001:0007A724       Controls.TControl.ScaleMargins
 0001:0007A7A8       Controls.TControl.ScreenToClient
 0001:0007A7D4       Controls.TControl.SendCancelMode
 0001:0007A804       Controls.TControl.SendDockNotification
 0001:0007AF30       Controls.TControl.SendToBack
 0001:00079C8C       Controls.TControl.SetAction
 0001:00079F20       Controls.TControl.SetAlign
 0001:0007DEB8       Controls.TControl.SetAlignWithMargins
 0001:00079BEC       Controls.TControl.SetAnchors
 0001:0007AA48       Controls.TControl.SetAutoSize
 0001:0007AD14       Controls.TControl.SetBiDiMode
 0001:0007A008       Controls.TControl.SetBounds
 0001:0007A528       Controls.TControl.SetBoundsRect
 0001:0007A5BC       Controls.TControl.SetClientHeight
 0001:0007AB04       Controls.TControl.SetClientSize
 0001:0007A57C       Controls.TControl.SetClientWidth
 0001:0007AE30       Controls.TControl.SetColor
 0001:0007DC3C       Controls.TControl.SetConstraints
 0001:0007AECC       Controls.TControl.SetCursor
 0001:0007AFF0       Controls.TControl.SetCustomHint
 0001:00079D80       Controls.TControl.SetDesignVisible
 0001:00079DB8       Controls.TControl.SetDragMode
 0001:0007ABD0       Controls.TControl.SetEnabled
 0001:0007AD74       Controls.TControl.SetFont
 0001:0007A2EC       Controls.TControl.SetHeight
 0001:0007A4A8       Controls.TControl.SetHelpContext
 0001:0007A4BC       Controls.TControl.SetHelpKeyword
 0001:0007A4E0       Controls.TControl.SetHostDockSite
 0001:0007A250       Controls.TControl.SetLeft
 0001:0007DE98       Controls.TControl.SetMargins
 0001:0007AEF8       Controls.TControl.SetMouseCapture
 0001:0007AA60       Controls.TControl.SetName
 0001:0007AB4C       Controls.TControl.SetParent
 0001:0007AEA8       Controls.TControl.SetParentBiDiMode
 0001:0007AE84       Controls.TControl.SetParentColor
 0001:00079B38       Controls.TControl.SetParentComponent
 0001:0007AE20       Controls.TControl.SetParentCustomHint
 0001:0007ADAC       Controls.TControl.SetParentFont
 0001:0007ADF4       Controls.TControl.SetParentShowHint
 0001:0007AC54       Controls.TControl.SetPopupMenu
 0001:0007ADD0       Controls.TControl.SetShowHint
 0001:0007ACB0       Controls.TControl.SetText
 0001:0007A0A8       Controls.TControl.SetTextBuf
 0001:0007A284       Controls.TControl.SetTop
 0001:0007DEA4       Controls.TControl.SetTouchManager
 0001:0007AB98       Controls.TControl.SetVisible
 0001:0007A2B8       Controls.TControl.SetWidth
 0001:0007AFCC       Controls.TControl.SetZOrder
 0001:0007AF40       Controls.TControl.SetZOrderPosition
 0001:0007B2BC       Controls.TControl.Show
 0001:0007B2EC       Controls.TControl.Update
 0001:0007A0CC       Controls.TControl.UpdateAnchorRules
 0001:0007C260       Controls.TControl.UpdateBoundsRect
 0001:0007DEE4       Controls.TControl.UpdateExplicitBounds
 0001:0007B43C       Controls.TControl.UseRightToLeftAlignment
 0001:0007B424       Controls.TControl.UseRightToLeftReading
 0001:0007B454       Controls.TControl.UseRightToLeftScrollBar
 0001:0007C290       Controls.TControl.VisibleChanging
 0001:0007D028       Controls.TControl.WMCancelMode
 0001:0007DAC8       Controls.TControl.WMContextMenu
 0001:0007CC38       Controls.TControl.WMLButtonDblClk
 0001:0007CBD0       Controls.TControl.WMLButtonDown
 0001:0007CF14       Controls.TControl.WMLButtonUp
 0001:0007CDB0       Controls.TControl.WMMButtonDblClk
 0001:0007CD84       Controls.TControl.WMMButtonDown
 0001:0007CFB0       Controls.TControl.WMMButtonUp
 0001:0007CE10       Controls.TControl.WMMouseMove
[...]
 0004:0000502C       UxTheme.GetThemeFilename
 0004:00005030       UxTheme.GetThemeSysColor
 0004:00005034       UxTheme.GetThemeSysColorBrush
 0004:00005038       UxTheme.GetThemeSysBool
 0004:0000503C       UxTheme.GetThemeSysSize
 0004:00005040       UxTheme.GetThemeSysFont
 0004:00005044       UxTheme.GetThemeSysString
 0004:00005048       UxTheme.GetThemeSysInt
 0004:0000504C       UxTheme.IsThemeActive
 0004:00005050       UxTheme.IsAppThemed
 0004:00005054       UxTheme.GetWindowTheme
 0004:00005058       UxTheme.EnableThemeDialogTexture
 0004:0000505C       UxTheme.IsThemeDialogTextureEnabled
 0004:00005060       UxTheme.GetThemeAppProperties
 0004:00005064       UxTheme.SetThemeAppProperties
 0004:00005068       UxTheme.GetCurrentThemeName
 0004:0000506C       UxTheme.GetThemeDocumentationProperty
 0004:00005070       UxTheme.DrawThemeParentBackground
 0004:00005074       UxTheme.EnableTheming
 0004:00005078       UxTheme..1
 0004:0000507C       UxTheme.ThemeLibrary
 0004:00005080       UxTheme.ReferenceCount
 0004:00005084       UxTheme.Lock
 0004:00005088       HelpIntfs..2
 0004:0000508C       HelpIntfs.HelpManager
 0004:00005090       MultiMon.GetSystemMetrics
 0004:00005094       MultiMon.MonitorFromWindow
 0004:00005098       MultiMon.MonitorFromRect
 0004:0000509C       MultiMon.MonitorFromPoint
 0004:000050A0       MultiMon.GetMonitorInfo
 0004:000050A4       MultiMon.GetMonitorInfoA
 0004:000050A8       MultiMon.GetMonitorInfoW
 0004:000050AC       MultiMon.EnumDisplayMonitors
 0004:000050B0       MultiMon..1
 0004:000050B4       MultiMon.User32Dll
 0004:000050B8       MultiMon.InitApis
 0004:000050C0       MultiMon.MMAvailable
 0004:000050C4       IOUtils.TPath.FAltDirectorySeparatorChar
 0004:000050C6       IOUtils.TPath.FDirectorySeparatorChar
 0004:000050C8       IOUtils.TPath.FPathSeparator
 0004:000050CA       IOUtils.TPath.FVolumeSeparatorChar
 0004:000050CC       IOUtils.TPath.FExtensionSeparatorChar
 0004:000050D0       IOUtils.TPath.FInvalidPathChars
 0004:000050D4       IOUtils.TPath.FInvalidFileNameChars
 0004:000050D8       IOUtils.TPath.FPathWildcardChars
 0004:000050DC       IOUtils.TPath.FFileNameWildCardChars
 0004:000050E0       IOUtils.TPath.$ClassInitFlag
 0004:000050E4       IOUtils..1
 0004:000050E8       IniFiles..7
 0004:000050EC       Registry..5
 0004:000050F0       Graphics.TWICImage.FImagingFactory
 0004:000050F4       Graphics.SystemPalette16
 0004:000050F8       Graphics..32
 0004:000050FC       Graphics.ScreenLogPixels
 0004:00005100       Graphics.StockPen
 0004:00005104       Graphics.StockBrush
 0004:00005108       Graphics.StockFont
 0004:0000510C       Graphics.StockIcon
 0004:00005110       Graphics.BitmapImageLock
 0004:00005128       Graphics.CounterLock
 0004:00005140       Graphics.FontManager
 0004:00005144       Graphics.PenManager
 0004:00005148       Graphics.BrushManager
 0004:0000514C       Graphics.CanvasList
 0004:00005150       Graphics.PatternManager
 0004:00005154       GraphUtil..2
 0004:00005158       GraphUtil.MsImgHandle
 0004:0000515C       GraphUtil.MsImgInitialized
 0004:00005160       GraphUtil.GradientFillFunc
 0004:00005164       Printers..3
 0004:00005168       Clipbrd.CF_PICTURE
 0004:0000516A       Clipbrd.CF_COMPONENT
 0004:0000516C       Clipbrd..3
 0004:00005170       Clipbrd.FClipboard
 0004:00005174       ExtCtrls.TCustomTrayIcon.RM_TaskbarCreated
 0004:00005178       ExtCtrls..94
 0004:0000517C       ComCtrls..96
 0004:00005180       ComCtrls.ConversionFormatList
 0004:00005184       ComCtrls.ShellModule
 0004:00005188       ComCtrls.FRichEditModule
 0004:0000518C       Dialogs..03
 0004:00005190       Dialogs.HelpMsg
 0004:00005194       Dialogs.FindMsg
 0004:00005198       FlatSB.FlatSB_EnableScrollBar
 0004:0000519C       FlatSB.FlatSB_ShowScrollBar
 0004:000051A0       FlatSB.FlatSB_GetScrollRange
 0004:000051A4       FlatSB.FlatSB_GetScrollInfo
 0004:000051A8       FlatSB.FlatSB_GetScrollPos
 0004:000051AC       FlatSB.FlatSB_SetScrollPos
 0004:000051B0       FlatSB.FlatSB_SetScrollInfo
 0004:000051B4       FlatSB.FlatSB_SetScrollRange
 0004:000051B8       FlatSB..1
 0004:000051BC       FlatSB._FlatSB_GetScrollProp
 0004:000051C0       FlatSB._FlatSB_SetScrollProp
 0004:000051C4       FlatSB._InitializeFlatSB
 0004:000051C8       FlatSB._UninitializeFlatSB
 0004:000051CC       Menus.PopupList
 0004:000051D0       Menus.ShortCutItems
 0004:000051D4       Menus..01
 0004:000051D8       Menus.CommandPool
 0004:000051DC       Controls.Mouse
 0004:000051E0       Controls.IsVCLControlHook
 0004:000051E8       Controls.NewStyleControls
 0004:000051EC       Controls..44
 0004:000051F0       Controls.WindowAtom
 0004:000051F2       Controls.ControlAtom
 0004:000051F4       Controls.WindowAtomString
 0004:000051F8       Controls.ControlAtomString
 0004:000051FC       Controls.RM_GetObjectInstance
 0004:00005200       Controls.DragControl
 0004:00005204       Controls.DragObject
 0004:00005208       Controls.DragInternalObject
 0004:0000520C       Controls.DragCapture
 0004:00005210       Controls.DragStartPos
 0004:00005218       Controls.DragSaveCursor
 0004:0000521C       Controls.DragThreshold
 0004:00005220       Controls.ActiveDrag
 0004:00005224       Controls.DragImageList
 0004:00005228       Controls.DockSiteList
 0004:0000522C       Controls.QualifyingSites
 0004:00005230       Controls.DragSave
 0004:00005234       Controls.CanvasList
 0004:00005238       Controls.FlagControl
 0004:0000523C       Controls._WINNLSEnableIME
 0004:00005240       Controls._ImmGetContext
 0004:00005244       Controls._ImmReleaseContext
 0004:00005248       Controls._ImmGetConversionStatus
 0004:0000524C       Controls._ImmSetConversionStatus
 0004:00005250       Controls._ImmSetOpenStatus
 0004:00005254       Controls._ImmSetCompositionWindow
 0004:00005258       Controls._ImmSetCompositionFont
 0004:0000525C       Controls._ImmGetCompositionString
 0004:00005260       Controls._ImmIsIME
 0004:00005264       Controls._ImmNotifyIME
 0004:00005268       Themes..2
 0004:0000526C       Themes.InternalServices
 0004:00005270       Themes.RM_UnthemedDesigner
 0004:00005274       ImgList.CachedComCtrlVer
 0004:00005278       ImgList.ImageListWriteExProc
 0004:0000527C       ActnList..9
 0004:00005280       Forms.Application
 0004:00005284       Forms.Screen
 0004:00005288       Forms..51
 0004:0000528C       Forms.RM_TaskbarCreated
 0004:00005290       Forms.HintThreadID
 0004:00005294       Forms.HintDoneEvent
 0004:00005298       Forms.HintHook
 0004:0000529C       Forms.HintThread
 0004:000052A0       Forms.IdleTimerHandle
 0004:000052A4       Forms.IdleTimerDelegate
 0004:000052A8       Buttons..5
 0004:000052AC       Buttons.BitBtnGlyphs
 0004:000052D8       RzCommon.CurrentXPColorScheme
 0004:000052D9       RzCommon.FullColorSupported
 0004:000052DC       RzCommon.FormatSettings
 0004:000053A4       RzCommon..31
 0004:000053A8       RzCommon.ShellGetSpecialFolderPath
 0004:000053AC       RzCmboBx..31
 0004:000053B0       ExtDlgs..6
 0004:000053B4       RzBorder..6
 0004:000053B8       RzPopups..01
 0004:000053BC       RzButton..31
 0004:000053C0       RzButton.BitBtnGlyphs
 0004:000053EC       TlHelp32.KernelHandle
 0004:000053F0       TlHelp32._CreateToolhelp32Snapshot
 0004:000053F4       TlHelp32._Heap32ListFirst
 0004:000053F8       TlHelp32._Heap32ListNext
 0004:000053FC       TlHelp32._Heap32First
 0004:00005400       TlHelp32._Heap32Next
 0004:00005404       TlHelp32._Toolhelp32ReadProcessMemory
 0004:00005408       TlHelp32._Process32First
 0004:0000540C       TlHelp32._Process32Next
 0004:00005410       TlHelp32._Process32FirstA
 0004:00005414       TlHelp32._Process32NextA
 0004:00005418       TlHelp32._Process32FirstW
 0004:0000541C       TlHelp32._Process32NextW
 0004:00005420       TlHelp32._Thread32First
 0004:00005424       TlHelp32._Thread32Next
 0004:00005428       TlHelp32._Module32First
 0004:0000542C       TlHelp32._Module32Next
 0004:00005430       TlHelp32._Module32FirstA
 0004:00005434       TlHelp32._Module32NextA
 0004:00005438       TlHelp32._Module32FirstW
 0004:0000543C       TlHelp32._Module32NextW
 0004:00005440       Logger.HConsole
 0004:00005444       Logger.IsLoggerEnabled
 0004:00005448       GWCAMemory.charNameOp
 0004:00005458       GWCAMemory.Inject
 0004:0000545C       GWCAMemory..1
 0004:00005460       GWCAMemory.GWCAMemoryX32.process
 0004:00005464       GWCAMemory.GWCAMemoryX32.imageBase
 0004:00005468       GWCAMemory.GWCAMemoryX32.imageSize
 0004:0000546C       GWCAMemory.GWCAMemoryX32.processName
 0004:00005470       GWCAMemory.GWCAMemoryX32.OpenedHandle
 0004:00005474       CSLauncher.dllDirFullPath
 0004:00005478       CSLauncher..1
 0004:0000547C       CSLauncher.GWProcessList
 0005:00000000       System.RaiseListPtr
 0005:00000004       System.InOutRes
 0005:00000008       Classes.TThread.FCurrentThread
 0005:0000000C       Classes.GlobalLoaded
 0005:00000010       Classes.GlobalLists
 0005:00000014       SyncObjs.OleThreadWnd
 0005:00000018       GraphUtil.CachedHighlightLum
 0005:0000001C       GraphUtil.CachedHighlightColor
 0005:00000020       GraphUtil.CachedHighlight
 0005:00000024       GraphUtil.CachedShadowLum
 0005:00000028       GraphUtil.CachedShadowColor
 0005:0000002C       GraphUtil.CachedShadow
 0005:00000030       GraphUtil.CachedColorValue
 0005:00000034       GraphUtil.CachedLumValue
 0005:00000038       GraphUtil.CachedColorAdjustLuma
 0005:0000003C       SysInit.TlsLast


Line numbers for CharSelector(CharSelector.pas) segment .text

    25 0001:00000000

Line numbers for Logger(Logger.pas) segment .text

   691 0001:000BF830   706 0001:000BF839   707 0001:000BF83E   709 0001:000BF848
   725 0001:000BF854   726 0001:000BF85E   730 0001:000BF87C   733 0001:000BF885
   734 0001:000BF88E   737 0001:000BF899   738 0001:000BF8A0   744 0001:000BF8A1

Line numbers for GWCAMemory(GWCAMemory.pas) segment .text

    40 0001:000BF9E8    42 0001:000BF9F0   149 0001:000BFBA4   152 0001:000BFBAC
   155 0001:000BFBB4   164 0001:000BFBBC   169 0001:000BFBC4   173 0001:000BFBCC
   178 0001:000BFBD4   182 0001:000BFBDC   187 0001:000BFBE4   191 0001:000BFBEC
   194 0001:000BFBF4   198 0001:000BFBFC   202 0001:000BFC04   206 0001:000BFC0C
   212 0001:000BFC14   220 0001:000BFC1C   221 0001:000BFC1E   222 0001:000BFC20
   223 0001:000BFC23   224 0001:000BFC26   225 0001:000BFC29   226 0001:000BFC2C
   227 0001:000BFC2D   228 0001:000BFC2F   229 0001:000BFC32   230 0001:000BFC35
   231 0001:000BFC37   232 0001:000BFC3A   233 0001:000BFC3D   234 0001:000BFC40
   235 0001:000BFC42   237 0001:000BFC44   238 0001:000BFC47   239 0001:000BFC4A
   240 0001:000BFC4C   241 0001:000BFC50   242 0001:000BFC54   243 0001:000BFC56
   244 0001:000BFC59   245 0001:000BFC5B   246 0001:000BFC5E   247 0001:000BFC61
   248 0001:000BFC63   249 0001:000BFC67   250 0001:000BFC6B   251 0001:000BFC6D
   252 0001:000BFC70   254 0001:000BFC72   255 0001:000BFC75   256 0001:000BFC77
   257 0001:000BFC7A   258 0001:000BFC7D   259 0001:000BFC7F   261 0001:000BFC82
   262 0001:000BFC85   263 0001:000BFC87   264 0001:000BFC8B   265 0001:000BFC8F
   266 0001:000BFC91   268 0001:000BFC94   269 0001:000BFC97   270 0001:000BFC99
   271 0001:000BFC9D   272 0001:000BFCA0   274 0001:000BFCA2   275 0001:000BFCA7
   276 0001:000BFCA8   278 0001:000BFCA9   279 0001:000BFCAB   280 0001:000BFCAC
   416 0001:000BFCB0   417 0001:000BFCB2   418 0001:000BFCB4   419 0001:000BFCB6
   420 0001:000BFCB8   421 0001:000BFCBB   423 0001:000BFCBD   425 0001:000BFCBE
   426 0001:000BFCC0   427 0001:000BFCC2   428 0001:000BFCC5   430 0001:000BFCC6
   431 0001:000BFCC7   432 0001:000BFCC8   433 0001:000BFCC9   434 0001:000BFCCB
   435 0001:000BFCCD   436 0001:000BFCD2   438 0001:000BFCD4   439 0001:000BFCD5
   440 0001:000BFCD7   441 0001:000BFCDB   442 0001:000BFCE0   443 0001:000BFCE1
   446 0001:000BFCE4   447 0001:000BFCE9   449 0001:000BFCEB   450 0001:000BFCEC
   451 0001:000BFCF0   452 0001:000BFCF5   453 0001:000BFCF6   456 0001:000BFCFA
   457 0001:000BFCFD   458 0001:000BFD00   459 0001:000BFD02   460 0001:000BFD04
   461 0001:000BFD06   462 0001:000BFD08   463 0001:000BFD0B   464 0001:000BFD0D
   465 0001:000BFD0F   466 0001:000BFD11   469 0001:000BFD13   470 0001:000BFD16
   471 0001:000BFD19   472 0001:000BFD1B   473 0001:000BFD1D   474 0001:000BFD20
   475 0001:000BFD22   476 0001:000BFD27   477 0001:000BFD2D   478 0001:000BFD30
   479 0001:000BFD32   480 0001:000BFD35   481 0001:000BFD37   483 0001:000BFD3A
   484 0001:000BFD3D   485 0001:000BFD3F   486 0001:000BFD42   487 0001:000BFD44
   489 0001:000BFD47   490 0001:000BFD49   491 0001:000BFD4B   492 0001:000BFD4E
   493 0001:000BFD51   494 0001:000BFD56   495 0001:000BFD5C   496 0001:000BFD5E
   498 0001:000BFD60   499 0001:000BFD63   500 0001:000BFD66   501 0001:000BFD69
   502 0001:000BFD6B   503 0001:000BFD6E   504 0001:000BFD70   506 0001:000BFD73
   507 0001:000BFD76   508 0001:000BFD78   509 0001:000BFD7B   510 0001:000BFD7D
   512 0001:000BFD80   513 0001:000BFD82   515 0001:000BFD84   516 0001:000BFD87
   518 0001:000BFD89   520 0001:000BFD8B   521 0001:000BFD8D   522 0001:000BFD8F
   523 0001:000BFD92   524 0001:000BFD94   525 0001:000BFD95   526 0001:000BFD97
   527 0001:000BFD9C   528 0001:000BFDA1   530 0001:000BFDA2   531 0001:000BFDA5
   532 0001:000BFDA6   533 0001:000BFDA7   534 0001:000BFDA8   539 0001:000BFDAC
   540 0001:000BFDB2   541 0001:000BFDBB   565 0001:000BFDC0   566 0001:000BFDEF
   567 0001:000BFDF4   568 0001:000BFE01   570 0001:000BFE0B   571 0001:000BFE16
   572 0001:000BFE24   573 0001:000BFE32   574 0001:000BFE46   575 0001:000BFE58
   576 0001:000BFE72   577 0001:000BFE84   580 0001:000BFEB2   581 0001:000BFEEA
   582 0001:000BFEF5   584 0001:000BFF07   587 0001:000BFF1B   591 0001:000BFF3A
   592 0001:000BFF3F   600 0001:000C0030   601 0001:000C006A   602 0001:000C006F
   603 0001:000C0071   605 0001:000C0086   606 0001:000C0094   607 0001:000C00A2
   608 0001:000C00AC   611 0001:000C00C2   613 0001:000C00CA   615 0001:000C013E
   617 0001:000C015E   618 0001:000C0161   619 0001:000C016C   622 0001:000C017C
   626 0001:000C0193   627 0001:000C01B9   632 0001:000C01D0   633 0001:000C01F6
   635 0001:000C020A   609 0001:000C021B   637 0001:000C0225   639 0001:000C0229
   642 0001:000C023D   643 0001:000C0243   647 0001:000C0263   648 0001:000C0268
   652 0001:000C02A4   653 0001:000C02AD   654 0001:000C02B8   681 0001:000C02BC
   682 0001:000C02D4   683 0001:000C02DA   684 0001:000C02FD   704 0001:000C035C
   705 0001:000C0386   706 0001:000C0398   707 0001:000C03A1   708 0001:000C03AB
   709 0001:000C03AF   710 0001:000C03B8   711 0001:000C03C6   712 0001:000C03CC
   713 0001:000C03D5   714 0001:000C0401   715 0001:000C040F   717 0001:000C0415
   718 0001:000C0424   719 0001:000C042B   720 0001:000C042E   721 0001:000C0433
   722 0001:000C0451   725 0001:000C045F   726 0001:000C0462   727 0001:000C0467
   729 0001:000C0489   730 0001:000C0497   733 0001:000C04B8   734 0001:000C04D2
   735 0001:000C04E0   736 0001:000C050C   738 0001:000C052D   741 0001:000C0546
   745 0001:000C0559   747 0001:000C0579   751 0001:000C0599   753 0001:000C05A7
   755 0001:000C05C5   756 0001:000C05CB   758 0001:000C05D9   760 0001:000C05E7
   761 0001:000C05F3   763 0001:000C05FE   764 0001:000C0605   766 0001:000C0616
   769 0001:000C0621   771 0001:000C063F   773 0001:000C064A   775 0001:000C065B
   776 0001:000C0661   778 0001:000C0672   784 0001:000C06C4   785 0001:000C06CA
   786 0001:000C06DA   787 0001:000C06E2   788 0001:000C06E6   789 0001:000C06EE
   790 0001:000C06F1   791 0001:000C06F7   792 0001:000C0719   799 0001:000C0720
   800 0001:000C072D   802 0001:000C074C   812 0001:000C078C   813 0001:000C07C0
   814 0001:000C07C5   815 0001:000C07C9   817 0001:000C07D6   819 0001:000C07E0
   820 0001:000C07FC   822 0001:000C0820   823 0001:000C0829   825 0001:000C0839
   830 0001:000C0845   831 0001:000C0849   833 0001:000C0857   835 0001:000C0865
   836 0001:000C0869   838 0001:000C086B   831 0001:000C086D   839 0001:000C0870
   841 0001:000C0876   843 0001:000C087C   847 0001:000C0893   849 0001:000C08A5
   851 0001:000C08A7   823 0001:000C08A8   852 0001:000C08AD   855 0001:000C08C5
   861 0001:000C08FC   862 0001:000C090C   863 0001:000C090E   865 0001:000C0929
   866 0001:000C092C   874 0001:000C0938   876 0001:000C0968   877 0001:000C096C
   878 0001:000C0973   879 0001:000C0982   880 0001:000C0990   881 0001:000C099A
   884 0001:000C09B0   886 0001:000C09BC   887 0001:000C09C7   889 0001:000C09D4
   890 0001:000C09EB   892 0001:000C09FF   893 0001:000C0A37   894 0001:000C0A43
   896 0001:000C0A7D   899 0001:000C0ABE   900 0001:000C0ACD   903 0001:000C0ACF
   882 0001:000C0AE0   905 0001:000C0AEA   907 0001:000C0AEF   908 0001:000C0AF4
   909 0001:000C0B0D   910 0001:000C0B26   911 0001:000C0B35   912 0001:000C0B3A
   915 0001:000C0B46   918 0001:000C0B5A   919 0001:000C0B60   922 0001:000C0B71
   927 0001:000C0C44   928 0001:000C0C4B   929 0001:000C0C4D   930 0001:000C0C58
   931 0001:000C0C6D   932 0001:000C0C7D   933 0001:000C0C82

Line numbers for GWCAMemory(GWCAMemory.pas) segment .itext

   935 0002:00000D24   937 0002:00000D2D   939 0002:00000D37

Line numbers for CSLauncher(CSLauncher.pas) segment .text

    74 0001:000C0F10    78 0001:000C0F18    82 0001:000C0F20    88 0001:000C0F28
    98 0001:000C0F30    99 0001:000C0F37   100 0001:000C0F39   101 0001:000C0F3D
   104 0001:000C0F4F   108 0001:000C0F60   109 0001:000C0F68   110 0001:000C0F70
   111 0001:000C0F7F   112 0001:000C0F85   113 0001:000C0FA3   118 0001:000C0FD0
   119 0001:000C0FE2   120 0001:000C0FED   121 0001:000C0FFD   122 0001:000C1013
   123 0001:000C1029   134 0001:000C1044   136 0001:000C1061   138 0001:000C106A
   139 0001:000C1074   141 0001:000C1081   143 0001:000C1090   146 0001:000C10A1
   147 0001:000C10AE   143 0001:000C10B1   148 0001:000C10B4   149 0001:000C10C0
   153 0001:000C110B   156 0001:000C1160   157 0001:000C1177   159 0001:000C11A9
   161 0001:000C11BC   162 0001:000C11C3   165 0001:000C122C   166 0001:000C122F
   167 0001:000C124D   175 0001:000C1250   176 0001:000C126C   177 0001:000C1271
   179 0001:000C1281   181 0001:000C1293   182 0001:000C12A1   183 0001:000C12AA
   185 0001:000C12CC   187 0001:000C12D5   188 0001:000C12E4   189 0001:000C12F2
   191 0001:000C130A   196 0001:000C131A   198 0001:000C1346   200 0001:000C134A
   201 0001:000C134F   202 0001:000C1381   203 0001:000C139A   204 0001:000C139F
   208 0001:000C13B3   209 0001:000C13B9   211 0001:000C13CA

Line numbers for CSLauncher(CSLauncher.pas) segment .itext

   213 0002:00000D38   215 0002:00000D50

Line numbers for GWTB_Launcher(GWTB_Launcher.dpr) segment .itext

    18 0002:00000D68    19 0002:00000D78    20 0002:00000D84    21 0002:00000D92
    22 0002:00000DA2    23 0002:00000DB7    24 0002:00000DC5    25 0002:00000DD5
    26 0002:00000DE5    27 0002:00000DEA    28 0002:00000DF6

Bound resource files

c:\program files (x86)\embarcadero\rad studio\7.0\lib\Character.res
c:\program files (x86)\embarcadero\rad studio\7.0\lib\controls.res
c:\program files (x86)\embarcadero\rad studio\7.0\lib\buttons.res
C:\Program Files (x86)\Raize\RC6\Lib\RS2010\RzCmboBx.res
C:\Program Files (x86)\Raize\RC6\Lib\RS2010\RzCommonBitmaps.res
c:\program files (x86)\embarcadero\rad studio\7.0\lib\extdlgs.res
C:\Program Files (x86)\Raize\RC6\Lib\RS2010\RzCommonCursors.res
C:\Program Files (x86)\Raize\RC6\Lib\RS2010\RzToolbarForm.dfm
CharSelector.dfm
GWTB_Launcher.res
GWTB_Launcher.drf


Program entry point at 0002:00000D68
